Component: ARM Compiler 5.06 update 5 (build 528) Tool: armlink [4d35e2]

==============================================================================

Section Cross References

    startup_stm32f401xc.o(RESET) refers to startup_stm32f401xc.o(STACK) for __initial_sp
    startup_stm32f401xc.o(RESET) refers to startup_stm32f401xc.o(.text) for Reset_Handler
    startup_stm32f401xc.o(RESET) refers to stm32f4xx_it.o(i.NMI_Handler) for NMI_Handler
    startup_stm32f401xc.o(RESET) refers to stm32f4xx_it.o(i.HardFault_Handler) for HardFault_Handler
    startup_stm32f401xc.o(RESET) refers to stm32f4xx_it.o(i.MemManage_Handler) for MemManage_Handler
    startup_stm32f401xc.o(RESET) refers to stm32f4xx_it.o(i.BusFault_Handler) for BusFault_Handler
    startup_stm32f401xc.o(RESET) refers to stm32f4xx_it.o(i.UsageFault_Handler) for UsageFault_Handler
    startup_stm32f401xc.o(RESET) refers to port.o(.emb_text) for SVC_Handler
    startup_stm32f401xc.o(RESET) refers to stm32f4xx_it.o(i.DebugMon_Handler) for DebugMon_Handler
    startup_stm32f401xc.o(RESET) refers to cmsis_os2.o(i.SysTick_Handler) for SysTick_Handler
    startup_stm32f401xc.o(RESET) refers to stm32f4xx_it.o(i.DMA1_Stream5_IRQHandler) for DMA1_Stream5_IRQHandler
    startup_stm32f401xc.o(RESET) refers to stm32f4xx_it.o(i.TIM1_BRK_TIM9_IRQHandler) for TIM1_BRK_TIM9_IRQHandler
    startup_stm32f401xc.o(RESET) refers to stm32f4xx_it.o(i.TIM1_TRG_COM_TIM11_IRQHandler) for TIM1_TRG_COM_TIM11_IRQHandler
    startup_stm32f401xc.o(RESET) refers to stm32f4xx_it.o(i.USART1_IRQHandler) for USART1_IRQHandler
    startup_stm32f401xc.o(RESET) refers to stm32f4xx_it.o(i.USART2_IRQHandler) for USART2_IRQHandler
    startup_stm32f401xc.o(RESET) refers to stm32f4xx_it.o(i.DMA2_Stream1_IRQHandler) for DMA2_Stream1_IRQHandler
    startup_stm32f401xc.o(RESET) refers to stm32f4xx_it.o(i.DMA2_Stream2_IRQHandler) for DMA2_Stream2_IRQHandler
    startup_stm32f401xc.o(RESET) refers to stm32f4xx_it.o(i.DMA2_Stream7_IRQHandler) for DMA2_Stream7_IRQHandler
    startup_stm32f401xc.o(RESET) refers to stm32f4xx_it.o(i.USART6_IRQHandler) for USART6_IRQHandler
    startup_stm32f401xc.o(.text) refers to system_stm32f4xx.o(i.SystemInit) for SystemInit
    startup_stm32f401xc.o(.text) refers to entry.o(.ARM.Collect$$$$00000000) for __main
    main.o(i.HAL_TIM_PeriodElapsedCallback) refers to ecomotor_bsp.o(i.HAL_TIM_PeriodCallback_IT) for HAL_TIM_PeriodCallback_IT
    main.o(i.HAL_TIM_PeriodElapsedCallback) refers to stm32f4xx_hal.o(i.HAL_IncTick) for HAL_IncTick
    main.o(i.SystemClock_Config) refers to memseta.o(.text) for __aeabi_memclr4
    main.o(i.SystemClock_Config) refers to stm32f4xx_hal_rcc.o(i.HAL_RCC_OscConfig) for HAL_RCC_OscConfig
    main.o(i.SystemClock_Config) refers to stm32f4xx_hal_rcc.o(i.HAL_RCC_ClockConfig) for HAL_RCC_ClockConfig
    main.o(i.main) refers to stm32f4xx_hal.o(i.HAL_Init) for HAL_Init
    main.o(i.main) refers to main.o(i.SystemClock_Config) for SystemClock_Config
    main.o(i.main) refers to gpio.o(i.MX_GPIO_Init) for MX_GPIO_Init
    main.o(i.main) refers to dma.o(i.MX_DMA_Init) for MX_DMA_Init
    main.o(i.main) refers to usart.o(i.MX_USART1_UART_Init) for MX_USART1_UART_Init
    main.o(i.main) refers to usart.o(i.MX_USART2_UART_Init) for MX_USART2_UART_Init
    main.o(i.main) refers to usart.o(i.MX_USART6_UART_Init) for MX_USART6_UART_Init
    main.o(i.main) refers to tim.o(i.MX_TIM5_Init) for MX_TIM5_Init
    main.o(i.main) refers to tim.o(i.MX_TIM4_Init) for MX_TIM4_Init
    main.o(i.main) refers to tim.o(i.MX_TIM3_Init) for MX_TIM3_Init
    main.o(i.main) refers to tim.o(i.MX_TIM11_Init) for MX_TIM11_Init
    main.o(i.main) refers to receive_task.o(i.receive_init) for receive_init
    main.o(i.main) refers to ecomotor_bsp.o(i.ecoMotor_init) for ecoMotor_init
    main.o(i.main) refers to oled.o(i.OLED_Init) for OLED_Init
    main.o(i.main) refers to oled_patch_byadam.o(i.OLED_ShowString) for OLED_ShowString
    main.o(i.main) refers to oled.o(i.OLED_Update) for OLED_Update
    main.o(i.main) refers to cmsis_os2.o(i.osKernelInitialize) for osKernelInitialize
    main.o(i.main) refers to freertos.o(i.MX_FREERTOS_Init) for MX_FREERTOS_Init
    main.o(i.main) refers to cmsis_os2.o(i.osKernelStart) for osKernelStart
    gpio.o(i.MX_GPIO_Init) refers to memseta.o(.text) for __aeabi_memclr4
    gpio.o(i.MX_GPIO_Init) refers to stm32f4xx_hal_gpio.o(i.HAL_GPIO_WritePin) for HAL_GPIO_WritePin
    gpio.o(i.MX_GPIO_Init) refers to stm32f4xx_hal_gpio.o(i.HAL_GPIO_Init) for HAL_GPIO_Init
    freertos.o(i.MX_FREERTOS_Init) refers to cmsis_os2.o(i.osThreadNew) for osThreadNew
    freertos.o(i.MX_FREERTOS_Init) refers to tasks.o(i.xTaskCreate) for xTaskCreate
    freertos.o(i.MX_FREERTOS_Init) refers to freertos.o(.constdata) for .constdata
    freertos.o(i.MX_FREERTOS_Init) refers to freertos.o(i.StartDefaultTask) for StartDefaultTask
    freertos.o(i.MX_FREERTOS_Init) refers to freertos.o(.data) for .data
[...]
    i.xQueueGenericCreateStatic              0x080064e4   Section        0  queue.o(i.xQueueGenericCreateStatic)
    i.xQueueGenericReset                     0x0800654c   Section        0  queue.o(i.xQueueGenericReset)
    i.xQueueGenericSend                      0x080065d4   Section        0  queue.o(i.xQueueGenericSend)
    i.xQueueGenericSendFromISR               0x08006734   Section        0  queue.o(i.xQueueGenericSendFromISR)
    i.xQueueReceive                          0x080067f4   Section        0  queue.o(i.xQueueReceive)
    i.xTaskCheckForTimeOut                   0x0800692c   Section        0  tasks.o(i.xTaskCheckForTimeOut)
    i.xTaskCreate                            0x080069a0   Section        0  tasks.o(i.xTaskCreate)
    i.xTaskCreateStatic                      0x080069fa   Section        0  tasks.o(i.xTaskCreateStatic)
    i.xTaskGetSchedulerState                 0x08006a50   Section        0  tasks.o(i.xTaskGetSchedulerState)
    i.xTaskGetTickCount                      0x08006a6c   Section        0  tasks.o(i.xTaskGetTickCount)
    i.xTaskIncrementTick                     0x08006a78   Section        0  tasks.o(i.xTaskIncrementTick)
    i.xTaskPriorityDisinherit                0x08006b40   Section        0  tasks.o(i.xTaskPriorityDisinherit)
    i.xTaskRemoveFromEventList               0x08006bc0   Section        0  tasks.o(i.xTaskRemoveFromEventList)
    i.xTaskResumeAll                         0x08006c30   Section        0  tasks.o(i.xTaskResumeAll)
    i.xTimerCreateTimerTask                  0x08006cf4   Section        0  timers.o(i.xTimerCreateTimerTask)
    i.xTimerGenericCommand                   0x08006d54   Section        0  timers.o(i.xTimerGenericCommand)
    .constdata                               0x08006dbc   Section       36  freertos.o(.constdata)
    .constdata                               0x08006de0   Section        8  stm32f4xx_hal_dma.o(.constdata)
    flagBitshiftOffset                       0x08006de0   Data           8  stm32f4xx_hal_dma.o(.constdata)
    .constdata                               0x08006de8   Section       16  system_stm32f4xx.o(.constdata)
    .constdata                               0x08006df8   Section        8  system_stm32f4xx.o(.constdata)
    .constdata                               0x08006e00   Section     1520  oled_data_ascii.o(.constdata)
    .constdata                               0x080073f0   Section      570  oled_data_ascii.o(.constdata)
    .constdata                               0x0800762a   Section       36  oled_data_hanzi.o(.constdata)
    .constdata                               0x0800764e   Section       64  ctype_c.o(.constdata)
    .conststring                             0x08007690   Section       12  freertos.o(.conststring)
    .data                                    0x20000000   Section        4  freertos.o(.data)
    .data                                    0x20000004   Section       12  stm32f4xx_hal.o(.data)
    .data                                    0x20000010   Section        4  system_stm32f4xx.o(.data)
    .data                                    0x20000014   Section       60  tasks.o(.data)
    uxDeletedTasksWaitingCleanUp             0x20000018   Data           4  tasks.o(.data)
    uxCurrentNumberOfTasks                   0x2000001c   Data           4  tasks.o(.data)
    xTickCount                               0x20000020   Data           4  tasks.o(.data)
    uxTopReadyPriority                       0x20000024   Data           4  tasks.o(.data)
    xSchedulerRunning                        0x20000028   Data           4  tasks.o(.data)
    xPendedTicks                             0x2000002c   Data           4  tasks.o(.data)
    xYieldPending                            0x20000030   Data           4  tasks.o(.data)
    xNumOfOverflows                          0x20000034   Data           4  tasks.o(.data)
    uxTaskNumber                             0x20000038   Data           4  tasks.o(.data)
    xNextTaskUnblockTime                     0x2000003c   Data           4  tasks.o(.data)
    xIdleTaskHandle                          0x20000040   Data           4  tasks.o(.data)
    uxSchedulerSuspended                     0x20000044   Data           4  tasks.o(.data)
    pxDelayedTaskList                        0x20000048   Data           4  tasks.o(.data)
    pxOverflowDelayedTaskList                0x2000004c   Data           4  tasks.o(.data)
    .data                                    0x20000050   Section       20  timers.o(.data)
    xTimerQueue                              0x20000050   Data           4  timers.o(.data)
    xTimerTaskHandle                         0x20000054   Data           4  timers.o(.data)
    xLastTime                                0x20000058   Data           4  timers.o(.data)
    pxCurrentTimerList                       0x2000005c   Data           4  timers.o(.data)
    pxOverflowTimerList                      0x20000060   Data           4  timers.o(.data)
    .data                                    0x20000064   Section        4  cmsis_os2.o(.data)
    KernelState                              0x20000064   Data           4  cmsis_os2.o(.data)
    .data                                    0x20000068   Section       32  heap_4.o(.data)
    pxEnd                                    0x20000068   Data           4  heap_4.o(.data)
    xFreeBytesRemaining                      0x2000006c   Data           4  heap_4.o(.data)
    xMinimumEverFreeBytesRemaining           0x20000070   Data           4  heap_4.o(.data)
    xNumberOfSuccessfulAllocations           0x20000074   Data           4  heap_4.o(.data)
    xNumberOfSuccessfulFrees                 0x20000078   Data           4  heap_4.o(.data)
    xBlockAllocatedBit                       0x2000007c   Data           4  heap_4.o(.data)
    xStart                                   0x20000080   Data           8  heap_4.o(.data)
    .data                                    0x20000088   Section       12  port.o(.data)
    ucMaxSysCallPriority                     0x20000088   Data           1  port.o(.data)
    uxCriticalNesting                        0x2000008c   Data           4  port.o(.data)
    ulMaxPRIGROUPValue                       0x20000090   Data           4  port.o(.data)
    .data                                    0x20000094   Section       80  key_bsp.o(.data)
    .data                                    0x200000e4   Section       36  uartlcd_bsp.o(.data)
    .data                                    0x20000108   Section        4  receive_task.o(.data)
    .data                                    0x2000010c   Section        4  receive_task.o(.data)
    .data                                    0x20000110   Section        4  task.o(.data)
    .data                                    0x20000114   Section        4  stdout.o(.data)
    .bss                                     0x20000118   Section      288  tim.o(.bss)
    .bss                                     0x20000238   Section      600  usart.o(.bss)
    .bss                                     0x20000490   Section       72  stm32f4xx_hal_timebase_tim.o(.bss)
    .bss                                     0x200004d8   Section       64  queue.o(.bss)
    .bss                                     0x20000518   Section     1220  tasks.o(.bss)
    pxReadyTasksLists                        0x20000518   Data        1120  tasks.o(.bss)
    xDelayedTaskList1                        0x20000978   Data          20  tasks.o(.bss)
    xDelayedTaskList2                        0x2000098c   Data          20  tasks.o(.bss)
    xPendingReadyList                        0x200009a0   Data          20  tasks.o(.bss)
    xTasksWaitingTermination                 0x200009b4   Data          20  tasks.o(.bss)
    xSuspendedTaskList                       0x200009c8   Data          20  tasks.o(.bss)
    .bss                                     0x200009dc   Section      280  timers.o(.bss)
    xStaticTimerQueue                        0x200009dc   Data          80  timers.o(.bss)
    ucStaticTimerQueueStorage                0x20000a2c   Data         160  timers.o(.bss)
    xActiveTimerList1                        0x20000acc   Data          20  timers.o(.bss)
    xActiveTimerList2                        0x20000ae0   Data          20  timers.o(.bss)
    .bss                                     0x20000af4   Section     1720  cmsis_os2.o(.bss)
    Idle_TCB                                 0x20000af4   Data          92  cmsis_os2.o(.bss)
    Idle_Stack                               0x20000b50   Data         512  cmsis_os2.o(.bss)
    Timer_TCB                                0x20000d50   Data          92  cmsis_os2.o(.bss)
    Timer_Stack                              0x20000dac   Data        1024  cmsis_os2.o(.bss)
    .bss                                     0x200011ac   Section    15360  heap_4.o(.bss)
    ucHeap                                   0x200011ac   Data       15360  heap_4.o(.bss)
    .bss                                     0x20004dac   Section     1024  oled.o(.bss)
    .bss                                     0x200051ac   Section       16  vofa_bsp.o(.bss)
    .bss                                     0x200051bc   Section      220  ecomotor_bsp.o(.bss)
    .bss                                     0x20005298   Section      384  receive_task.o(.bss)
    STACK                                    0x20005418   Section     1024  startup_stm32f401xc.o(STACK)

    Global Symbols

    Symbol Name                              Value     Ov Type        Size  Object(Section)

    BuildAttributes$$THM_ISAv4$E$P$D$K$B$S$7EM$VFPi3$EXTD16$VFPS$VFMA$PE$A:L22UL41UL21$X:L11$S22US41US21$IEEE1$IW$USESV6$~STKCKD$USESV7$~SHL$OTIME$ROPI$IEEEX$EBA8$MICROLIB$REQ8$PRES8$EABIv2 0x00000000   Number         0  anon$$obj.o ABSOLUTE
    __ARM_use_no_argv                        0x00000000   Number         0  main.o ABSOLUTE
    _printf_a                                0x00000000   Number         0  stubs.o ABSOLUTE
    _printf_c                                0x00000000   Number         0  stubs.o ABSOLUTE
    _printf_charcount                        0x00000000   Number         0  stubs.o ABSOLUTE
    _printf_d                                0x00000000   Number         0  stubs.o ABSOLUTE
    _printf_e                                0x00000000   Number         0  stubs.o ABSOLUTE
    _printf_f                                0x00000000   Number         0  stubs.o ABSOLUTE
    _printf_flags                            0x00000000   Number         0  stubs.o ABSOLUTE
    _printf_fp_dec                           0x00000000   Number         0  stubs.o ABSOLUTE
    _printf_fp_hex                           0x00000000   Number         0  stubs.o ABSOLUTE
    _printf_g                                0x00000000   Number         0  stubs.o ABSOLUTE
    _printf_i                                0x00000000   Number         0  stubs.o ABSOLUTE
    _printf_int_dec                          0x00000000   Number         0  stubs.o ABSOLUTE
    _printf_l                                0x00000000   Number         0  stubs.o ABSOLUTE
    _printf_lc                               0x00000000   Number         0  stubs.o ABSOLUTE
    _printf_ll                               0x00000000   Number         0  stubs.o ABSOLUTE
    _printf_lld                              0x00000000   Number         0  stubs.o ABSOLUTE
    _printf_lli                              0x00000000   Number         0  stubs.o ABSOLUTE
    _printf_llo                              0x00000000   Number         0  stubs.o ABSOLUTE
    _printf_llu                              0x00000000   Number         0  stubs.o ABSOLUTE
    _printf_llx                              0x00000000   Number         0  stubs.o ABSOLUTE
    _printf_longlong_dec                     0x00000000   Number         0  stubs.o ABSOLUTE
    _printf_longlong_hex                     0x00000000   Number         0  stubs.o ABSOLUTE
    _printf_longlong_oct                     0x00000000   Number         0  stubs.o ABSOLUTE
    _printf_ls                               0x00000000   Number         0  stubs.o ABSOLUTE
    _printf_mbtowc                           0x00000000   Number         0  stubs.o ABSOLUTE
    _printf_n                                0x00000000   Number         0  stubs.o ABSOLUTE
    _printf_o                                0x00000000   Number         0  stubs.o ABSOLUTE
    _printf_p                                0x00000000   Number         0  stubs.o ABSOLUTE
    _printf_percent                          0x00000000   Number         0  stubs.o ABSOLUTE
    _printf_pre_padding                      0x00000000   Number         0  stubs.o ABSOLUTE
    _printf_return_value                     0x00000000   Number         0  stubs.o ABSOLUTE
    _printf_s                                0x00000000   Number         0  stubs.o ABSOLUTE
    _printf_sizespec                         0x00000000   Number         0  stubs.o ABSOLUTE
    _printf_str                              0x00000000   Number         0  stubs.o ABSOLUTE
    _printf_truncate_signed                  0x00000000   Number         0  stubs.o ABSOLUTE
    _printf_truncate_unsigned                0x00000000   Number         0  stubs.o ABSOLUTE
    _printf_u                                0x00000000   Number         0  stubs.o ABSOLUTE
    _printf_wc                               0x00000000   Number         0  stubs.o ABSOLUTE
    _printf_wctomb                           0x00000000   Number         0  stubs.o ABSOLUTE
    _printf_widthprec                        0x00000000   Number         0  stubs.o ABSOLUTE
    _printf_x                                0x00000000   Number         0  stubs.o ABSOLUTE
    __cpp_initialize__aeabi_                  - Undefined Weak Reference
    __cxa_finalize                            - Undefined Weak Reference
    __decompress                              - Undefined Weak Reference
    _clock_init                               - Undefined Weak Reference
    _microlib_exit                            - Undefined Weak Reference
    _scanf_longlong                           - Undefined Weak Reference
    _scanf_string                             - Undefined Weak Reference
    __Vectors_Size                           0x00000194   Number         0  startup_stm32f401xc.o ABSOLUTE
    __Vectors                                0x08000000   Data           4  startup_stm32f401xc.o(RESET)
    __Vectors_End                            0x08000194   Data           0  startup_stm32f401xc.o(RESET)
    __main                                   0x08000195   Thumb Code     0  entry.o(.ARM.Collect$$$$00000000)
    _main_stk                                0x08000195   Thumb Code     0  entry2.o(.ARM.Collect$$$$00000001)
    _main_scatterload                        0x08000199   Thumb Code     0  entry5.o(.ARM.Collect$$$$00000004)
    __main_after_scatterload                 0x0800019d   Thumb Code     0  entry5.o(.ARM.Collect$$$$00000004)
    _main_clock                              0x0800019d   Thumb Code     0  entry7b.o(.ARM.Collect$$$$00000008)
    _main_cpp_init                           0x0800019d   Thumb Code     0  entry8b.o(.ARM.Collect$$$$0000000A)
    _main_init                               0x0800019d   Thumb Code     0  entry9a.o(.ARM.Collect$$$$0000000B)
    __rt_final_cpp                           0x080001a5   Thumb Code     0  entry10a.o(.ARM.Collect$$$$0000000D)
    __rt_final_exit                          0x080001a5   Thumb Code     0  entry11a.o(.ARM.Collect$$$$0000000F)
    SVC_Handler                              0x080001a9   Thumb Code    28  port.o(.emb_text)
    __asm___6_port_c_39a90d8d__prvStartFirstTask 0x080001c9   Thumb Code    36  port.o(.emb_text)
    __asm___6_port_c_39a90d8d__prvEnableVFP  0x080001f1   Thumb Code    16  port.o(.emb_text)
    PendSV_Handler                           0x08000205   Thumb Code    88  port.o(.emb_text)
    vPortGetIPSR                             0x08000261   Thumb Code     6  port.o(.emb_text)
    Reset_Handler                            0x08000269   Thumb Code     8  startup_stm32f401xc.o(.text)
    ADC_IRQHandler                           0x08000283   Thumb Code     0  startup_stm32f401xc.o(.text)
    DMA1_Stream0_IRQHandler                  0x08000283   Thumb Code     0  startup_stm32f401xc.o(.text)
    DMA1_Stream1_IRQHandler                  0x08000283   Thumb Code     0  startup_stm32f401xc.o(.text)
    DMA1_Stream2_IRQHandler                  0x08000283   Thumb Code     0  startup_stm32f401xc.o(.text)
    DMA1_Stream3_IRQHandler                  0x08000283   Thumb Code     0  startup_stm32f401xc.o(.text)
    DMA1_Stream4_IRQHandler                  0x08000283   Thumb Code     0  startup_stm32f401xc.o(.text)
    DMA1_Stream6_IRQHandler                  0x08000283   Thumb Code     0  startup_stm32f401xc.o(.text)
    DMA1_Stream7_IRQHandler                  0x08000283   Thumb Code     0  startup_stm32f401xc.o(.text)
    DMA2_Stream0_IRQHandler                  0x08000283   Thumb Code     0  startup_stm32f401xc.o(.text)
    DMA2_Stream3_IRQHandler                  0x08000283   Thumb Code     0  startup_stm32f401xc.o(.text)
    DMA2_Stream4_IRQHandler                  0x08000283   Thumb Code     0  startup_stm32f401xc.o(.text)
    DMA2_Stream5_IRQHandler                  0x08000283   Thumb Code     0  startup_stm32f401xc.o(.text)
    DMA2_Stream6_IRQHandler                  0x08000283   Thumb Code     0  startup_stm32f401xc.o(.text)
    EXTI0_IRQHandler                         0x08000283   Thumb Code     0  startup_stm32f401xc.o(.text)
    EXTI15_10_IRQHandler                     0x08000283   Thumb Code     0  startup_stm32f401xc.o(.text)
    EXTI1_IRQHandler                         0x08000283   Thumb Code     0  startup_stm32f401xc.o(.text)
    EXTI2_IRQHandler                         0x08000283   Thumb Code     0  startup_stm32f401xc.o(.text)
    EXTI3_IRQHandler                         0x08000283   Thumb Code     0  startup_stm32f401xc.o(.text)
    EXTI4_IRQHandler                         0x08000283   Thumb Code     0  startup_stm32f401xc.o(.text)
    EXTI9_5_IRQHandler                       0x08000283   Thumb Code     0  startup_stm32f401xc.o(.text)
    FLASH_IRQHandler                         0x08000283   Thumb Code     0  startup_stm32f401xc.o(.text)
    FPU_IRQHandler                           0x08000283   Thumb Code     0  startup_stm32f401xc.o(.text)
    I2C1_ER_IRQHandler                       0x08000283   Thumb Code     0  startup_stm32f401xc.o(.text)
    I2C1_EV_IRQHandler                       0x08000283   Thumb Code     0  startup_stm32f401xc.o(.text)
    I2C2_ER_IRQHandler                       0x08000283   Thumb Code     0  startup_stm32f401xc.o(.text)
    I2C2_EV_IRQHandler                       0x08000283   Thumb Code     0  startup_stm32f401xc.o(.text)
    I2C3_ER_IRQHandler                       0x08000283   Thumb Code     0  startup_stm32f401xc.o(.text)
    I2C3_EV_IRQHandler                       0x08000283   Thumb Code     0  startup_stm32f401xc.o(.text)
    OTG_FS_IRQHandler                        0x08000283   Thumb Code     0  startup_stm32f401xc.o(.text)
    OTG_FS_WKUP_IRQHandler                   0x08000283   Thumb Code     0  startup_stm32f401xc.o(.text)
    PVD_IRQHandler                           0x08000283   Thumb Code     0  startup_stm32f401xc.o(.text)
    RCC_IRQHandler                           0x08000283   Thumb Code     0  startup_stm32f401xc.o(.text)
    RTC_Alarm_IRQHandler                     0x08000283   Thumb Code     0  startup_stm32f401xc.o(.text)
    RTC_WKUP_IRQHandler                      0x08000283   Thumb Code     0  startup_stm32f401xc.o(.text)
    SDIO_IRQHandler                          0x08000283   Thumb Code     0  startup_stm32f401xc.o(.text)
    SPI1_IRQHandler                          0x08000283   Thumb Code     0  startup_stm32f401xc.o(.text)
    SPI2_IRQHandler                          0x08000283   Thumb Code     0  startup_stm32f401xc.o(.text)
    SPI3_IRQHandler                          0x08000283   Thumb Code     0  startup_stm32f401xc.o(.text)
    SPI4_IRQHandler                          0x08000283   Thumb Code     0  startup_stm32f401xc.o(.text)
    TAMP_STAMP_IRQHandler                    0x08000283   Thumb Code     0  startup_stm32f401xc.o(.text)
    TIM1_CC_IRQHandler                       0x08000283   Thumb Code     0  startup_stm32f401xc.o(.text)
    TIM1_UP_TIM10_IRQHandler                 0x08000283   Thumb Code     0  startup_stm32f401xc.o(.text)
    TIM2_IRQHandler                          0x08000283   Thumb Code     0  startup_stm32f401xc.o(.text)
    TIM3_IRQHandler                          0x08000283   Thumb Code     0  startup_stm32f401xc.o(.text)
    TIM4_IRQHandler                          0x08000283   Thumb Code     0  startup_stm32f401xc.o(.text)
    TIM5_IRQHandler                          0x08000283   Thumb Code     0  startup_stm32f401xc.o(.text)
    WWDG_IRQHandler                          0x08000283   Thumb Code     0  startup_stm32f401xc.o(.text)
    __aeabi_uldivmod                         0x0800028d   Thumb Code    98  uldiv.o(.text)
    __aeabi_memcpy                           0x080002ef   Thumb Code    36  memcpya.o(.text)
    __aeabi_memcpy4                          0x080002ef   Thumb Code     0  memcpya.o(.text)
    __aeabi_memcpy8                          0x080002ef   Thumb Code     0  memcpya.o(.text)
    __aeabi_memset                           0x08000313   Thumb Code    14  memseta.o(.text)
    __aeabi_memset4                          0x08000313   Thumb Code     0  memseta.o(.text)
    __aeabi_memset8                          0x08000313   Thumb Code     0  memseta.o(.text)
    __aeabi_memclr                           0x08000321   Thumb Code     4  memseta.o(.text)
    __aeabi_memclr4                          0x08000321   Thumb Code     0  memseta.o(.text)
    __aeabi_memclr8                          0x08000321   Thumb Code     0  memseta.o(.text)
    memset                                   0x08000325   Thumb Code    18  memseta.o(.text)
    strlen                                   0x08000337   Thumb Code    14  strlen.o(.text)
    strcmp                                   0x08000345   Thumb Code    28  strcmp.o(.text)
    __0sscanf                                0x08000361   Thumb Code    48  __0sscanf.o(.text)
    _scanf_int                               0x08000399   Thumb Code   332  _scanf_int.o(.text)
    _scanf_real                              0x0800060d   Thumb Code     0  scanf_fp.o(.text)
    _scanf_really_real                       0x0800060d   Thumb Code   556  scanf_fp.o(.text)
    __aeabi_dadd                             0x08000845   Thumb Code   322  dadd.o(.text)
    __aeabi_dsub                             0x08000987   Thumb Code     6  dadd.o(.text)
    __aeabi_drsub                            0x0800098d   Thumb Code     6  dadd.o(.text)
    __aeabi_dmul                             0x08000993   Thumb Code   228  dmul.o(.text)
    __aeabi_ddiv                             0x08000a77   Thumb Code   222  ddiv.o(.text)
    __aeabi_i2d                              0x08000b55   Thumb Code    34  dflti.o(.text)
    __aeabi_d2iz                             0x08000b77   Thumb Code    62  dfixi.o(.text)
    __aeabi_f2d                              0x08000bb5   Thumb Code    38  f2d.o(.text)
    __aeabi_cdrcmple                         0x08000bdd   Thumb Code    48  cdrcmple.o(.text)
    __aeabi_d2f                              0x08000c0d   Thumb Code    56  d2f.o(.text)
    __aeabi_uidiv                            0x08000c45   Thumb Code     0  uidiv.o(.text)
    __aeabi_uidivmod                         0x08000c45   Thumb Code    44  uidiv.o(.text)
    __aeabi_llsl                             0x08000c71   Thumb Code    30  llshl.o(.text)
    _ll_shift_l                              0x08000c71   Thumb Code     0  llshl.o(.text)
    __aeabi_llsr                             0x08000c8f   Thumb Code    32  llushr.o(.text)
    _ll_ushift_r                             0x08000c8f   Thumb Code     0  llushr.o(.text)
    __aeabi_lasr                             0x08000caf   Thumb Code    36  llsshr.o(.text)
    _ll_sshift_r                             0x08000caf   Thumb Code     0  llsshr.o(.text)
    _chval                                   0x08000cd3   Thumb Code    28  _chval.o(.text)
    __vfscanf_char                           0x08000cfd   Thumb Code    20  scanf_char.o(.text)
    _sgetc                                   0x08000d19   Thumb Code    30  _sgetc.o(.text)
    _sbackspace                              0x08000d37   Thumb Code    34  _sgetc.o(.text)
    __I$use$fp                               0x08000d59   Thumb Code     0  iusefp.o(.text)
    _float_round                             0x08000d59   Thumb Code    18  fepilogue.o(.text)
    _float_epilogue                          0x08000d6b   Thumb Code    92  fepilogue.o(.text)
    _double_round                            0x08000dc7   Thumb Code    30  depilogue.o(.text)
    _double_epilogue                         0x08000de5   Thumb Code   156  depilogue.o(.text)
    __aeabi_ul2d                             0x08000e81   Thumb Code    24  dfltul.o(.text)
    __aeabi_d2ulz                            0x08000e99   Thumb Code    48  dfixul.o(.text)
    __scatterload                            0x08000ec9   Thumb Code    28  init.o(.text)
    __scatterload_rt2                        0x08000ec9   Thumb Code     0  init.o(.text)
    isspace                                  0x08000eed   Thumb Code    10  isspace_c.o(.text)
    __vfscanf                                0x08000ef9   Thumb Code   808  _scanf.o(.text)
    __ctype_lookup                           0x08001225   Thumb Code    34  ctype_c.o(.text)
    Angle_calculate                          0x0800124d   Thumb Code   100  receive_task.o(i.Angle_calculate)
    BusFault_Handler                         0x080012b5   Thumb Code     2  stm32f4xx_it.o(i.BusFault_Handler)
    DMA1_Stream5_IRQHandler                  0x080012b9   Thumb Code     6  stm32f4xx_it.o(i.DMA1_Stream5_IRQHandler)
    DMA2_Stream1_IRQHandler                  0x080012c5   Thumb Code     6  stm32f4xx_it.o(i.DMA2_Stream1_IRQHandler)
    DMA2_Stream2_IRQHandler                  0x080012d1   Thumb Code     6  stm32f4xx_it.o(i.DMA2_Stream2_IRQHandler)
    DMA2_Stream7_IRQHandler                  0x080012dd   Thumb Code     6  stm32f4xx_it.o(i.DMA2_Stream7_IRQHandler)
    DebugMon_Handler                         0x0800138d   Thumb Code     2  stm32f4xx_it.o(i.DebugMon_Handler)
    Error_Handler                            0x0800138f   Thumb Code     4  main.o(i.Error_Handler)
    HAL_DMA_Abort                            0x08001393   Thumb Code   146  stm32f4xx_hal_dma.o(i.HAL_DMA_Abort)
    HAL_DMA_Abort_IT                         0x08001425   Thumb Code    36  stm32f4xx_hal_dma.o(i.HAL_DMA_Abort_IT)
    HAL_DMA_IRQHandler                       0x08001449   Thumb Code   412  stm32f4xx_hal_dma.o(i.HAL_DMA_IRQHandler)
    HAL_DMA_Init                             0x080015e9   Thumb Code   206  stm32f4xx_hal_dma.o(i.HAL_DMA_Init)
    HAL_DMA_Start_IT                         0x080016bd   Thumb Code   110  stm32f4xx_hal_dma.o(i.HAL_DMA_Start_IT)
    HAL_GPIO_Init                            0x0800172d   Thumb Code   446  stm32f4xx_hal_gpio.o(i.HAL_GPIO_Init)
    HAL_GPIO_ReadPin                         0x0800190d   Thumb Code    10  stm32f4xx_hal_gpio.o(i.HAL_GPIO_ReadPin)
    HAL_GPIO_WritePin                        0x08001917   Thumb Code    10  stm32f4xx_hal_gpio.o(i.HAL_GPIO_WritePin)
    HAL_GetTick                              0x08001921   Thumb Code     6  stm32f4xx_hal.o(i.HAL_GetTick)
    HAL_IncTick                              0x0800192d   Thumb Code    12  stm32f4xx_hal.o(i.HAL_IncTick)
    HAL_Init                                 0x0800193d   Thumb Code    48  stm32f4xx_hal.o(i.HAL_Init)
    HAL_InitTick                             0x08001971   Thumb Code   118  stm32f4xx_hal_timebase_tim.o(i.HAL_InitTick)
    HAL_MspInit                              0x080019fd   Thumb Code    52  stm32f4xx_hal_msp.o(i.HAL_MspInit)
    HAL_NVIC_EnableIRQ                       0x08001a35   Thumb Code    26  stm32f4xx_hal_cortex.o(i.HAL_NVIC_EnableIRQ)
    HAL_NVIC_SetPriority                     0x08001a51   Thumb Code    60  stm32f4xx_hal_cortex.o(i.HAL_NVIC_SetPriority)
    HAL_NVIC_SetPriorityGrouping             0x08001a91   Thumb Code    26  stm32f4xx_hal_cortex.o(i.HAL_NVIC_SetPriorityGrouping)
    HAL_RCC_ClockConfig                      0x08001ab5   Thumb Code   288  stm32f4xx_hal_rcc.o(i.HAL_RCC_ClockConfig)
    HAL_RCC_GetClockConfig                   0x08001be9   Thumb Code    54  stm32f4xx_hal_rcc.o(i.HAL_RCC_GetClockConfig)
    HAL_RCC_GetPCLK1Freq                     0x08001c29   Thumb Code    20  stm32f4xx_hal_rcc.o(i.HAL_RCC_GetPCLK1Freq)
    HAL_RCC_GetPCLK2Freq                     0x08001c49   Thumb Code    20  stm32f4xx_hal_rcc.o(i.HAL_RCC_GetPCLK2Freq)
    HAL_RCC_GetSysClockFreq                  0x08001c69   Thumb Code    88  stm32f4xx_hal_rcc.o(i.HAL_RCC_GetSysClockFreq)
    HAL_RCC_OscConfig                        0x08001cc9   Thumb Code   856  stm32f4xx_hal_rcc.o(i.HAL_RCC_OscConfig)
    HAL_TIMEx_BreakCallback                  0x08002035   Thumb Code     2  stm32f4xx_hal_tim_ex.o(i.HAL_TIMEx_BreakCallback)
    HAL_TIMEx_CommutCallback                 0x08002037   Thumb Code     2  stm32f4xx_hal_tim_ex.o(i.HAL_TIMEx_CommutCallback)
    HAL_TIMEx_MasterConfigSynchronization    0x08002039   Thumb Code   104  stm32f4xx_hal_tim_ex.o(i.HAL_TIMEx_MasterConfigSynchronization)
    HAL_TIM_Base_Init                        0x080020b5   Thumb Code    90  stm32f4xx_hal_tim.o(i.HAL_TIM_Base_Init)
    HAL_TIM_Base_MspInit                     0x08002111   Thumb Code    76  tim.o(i.HAL_TIM_Base_MspInit)
    HAL_TIM_Base_Start_IT                    0x08002169   Thumb Code    88  stm32f4xx_hal_tim.o(i.HAL_TIM_Base_Start_IT)
    HAL_TIM_ConfigClockSource                0x080021d5   Thumb Code   220  stm32f4xx_hal_tim.o(i.HAL_TIM_ConfigClockSource)
    HAL_TIM_Encoder_Init                     0x080022b1   Thumb Code   164  stm32f4xx_hal_tim.o(i.HAL_TIM_Encoder_Init)
    HAL_TIM_Encoder_MspInit                  0x08002355   Thumb Code   142  tim.o(i.HAL_TIM_Encoder_MspInit)
    HAL_TIM_Encoder_Start                    0x080023f9   Thumb Code   142  stm32f4xx_hal_tim.o(i.HAL_TIM_Encoder_Start)
    HAL_TIM_IC_CaptureCallback               0x08002487   Thumb Code     2  stm32f4xx_hal_tim.o(i.HAL_TIM_IC_CaptureCallback)
    HAL_TIM_IRQHandler                       0x08002489   Thumb Code   304  stm32f4xx_hal_tim.o(i.HAL_TIM_IRQHandler)
    HAL_TIM_MspPostInit                      0x080025b9   Thumb Code    68  tim.o(i.HAL_TIM_MspPostInit)
    HAL_TIM_OC_DelayElapsedCallback          0x08002609   Thumb Code     2  stm32f4xx_hal_tim.o(i.HAL_TIM_OC_DelayElapsedCallback)
    HAL_TIM_PWM_ConfigChannel                0x0800260b   Thumb Code   204  stm32f4xx_hal_tim.o(i.HAL_TIM_PWM_ConfigChannel)
    HAL_TIM_PWM_Init                         0x080026d7   Thumb Code    90  stm32f4xx_hal_tim.o(i.HAL_TIM_PWM_Init)
    HAL_TIM_PWM_MspInit                      0x08002731   Thumb Code     2  stm32f4xx_hal_tim.o(i.HAL_TIM_PWM_MspInit)
    HAL_TIM_PWM_PulseFinishedCallback        0x08002733   Thumb Code     2  stm32f4xx_hal_tim.o(i.HAL_TIM_PWM_PulseFinishedCallback)
    HAL_TIM_PWM_Start                        0x08002735   Thumb Code   156  stm32f4xx_hal_tim.o(i.HAL_TIM_PWM_Start)
    HAL_TIM_PeriodCallback_IT                0x080027e5   Thumb Code    60  ecomotor_bsp.o(i.HAL_TIM_PeriodCallback_IT)
    HAL_TIM_PeriodElapsedCallback            0x08002829   Thumb Code    26  main.o(i.HAL_TIM_PeriodElapsedCallback)
    HAL_TIM_TriggerCallback                  0x08002849   Thumb Code     2  stm32f4xx_hal_tim.o(i.HAL_TIM_TriggerCallback)
    HAL_UARTEx_RxEventCallback               0x0800284b   Thumb Code     2  stm32f4xx_hal_uart.o(i.HAL_UARTEx_RxEventCallback)
    HAL_UART_DMAStop                         0x0800284d   Thumb Code   112  stm32f4xx_hal_uart.o(i.HAL_UART_DMAStop)
    HAL_UART_ErrorCallback                   0x080028bd   Thumb Code     2  stm32f4xx_hal_uart.o(i.HAL_UART_ErrorCallback)
    HAL_UART_IRQHandler                      0x080028c1   Thumb Code   636  stm32f4xx_hal_uart.o(i.HAL_UART_IRQHandler)
    HAL_UART_Init                            0x08002b41   Thumb Code   100  stm32f4xx_hal_uart.o(i.HAL_UART_Init)
    HAL_UART_MspInit                         0x08002ba5   Thumb Code   454  usart.o(i.HAL_UART_MspInit)
    HAL_UART_Receive_DMA                     0x08002d95   Thumb Code    28  stm32f4xx_hal_uart.o(i.HAL_UART_Receive_DMA)
    HAL_UART_RxCpltCallback                  0x08002db1   Thumb Code     2  stm32f4xx_hal_uart.o(i.HAL_UART_RxCpltCallback)
    HAL_UART_RxHalfCpltCallback              0x08002db3   Thumb Code     2  stm32f4xx_hal_uart.o(i.HAL_UART_RxHalfCpltCallback)
    HAL_UART_Transmit                        0x08002db5   Thumb Code   160  stm32f4xx_hal_uart.o(i.HAL_UART_Transmit)
    HAL_UART_Transmit_DMA                    0x08002e55   Thumb Code   120  stm32f4xx_hal_uart.o(i.HAL_UART_Transmit_DMA)
    HAL_UART_TxCpltCallback                  0x08002ed9   Thumb Code     2  stm32f4xx_hal_uart.o(i.HAL_UART_TxCpltCallback)
    HAL_UART_TxHalfCpltCallback              0x08002edb   Thumb Code     2  stm32f4xx_hal_uart.o(i.HAL_UART_TxHalfCpltCallback)
    HardFault_Handler                        0x08002edd   Thumb Code     2  stm32f4xx_it.o(i.HardFault_Handler)
    JY901S_receive_IT                        0x080030b5   Thumb Code    94  receive_task.o(i.JY901S_receive_IT)
    KEY_LOG                                  0x0800311d   Thumb Code    72  key_bsp.o(i.KEY_LOG)
    MX_DMA_Init                              0x0800318d   Thumb Code   104  dma.o(i.MX_DMA_Init)
    MX_FREERTOS_Init                         0x080031f9   Thumb Code    78  freertos.o(i.MX_FREERTOS_Init)
    MX_GPIO_Init                             0x080032a1   Thumb Code   246  gpio.o(i.MX_GPIO_Init)
    MX_TIM11_Init                            0x080033ad   Thumb Code    48  tim.o(i.MX_TIM11_Init)
    MX_TIM3_Init                             0x080033e5   Thumb Code    98  tim.o(i.MX_TIM3_Init)
    MX_TIM4_Init                             0x08003451   Thumb Code    98  tim.o(i.MX_TIM4_Init)
    MX_TIM5_Init                             0x080034bd   Thumb Code   160  tim.o(i.MX_TIM5_Init)
    MX_USART1_UART_Init                      0x08003565   Thumb Code    48  usart.o(i.MX_USART1_UART_Init)
    MX_USART2_UART_Init                      0x0800359d   Thumb Code    48  usart.o(i.MX_USART2_UART_Init)
    MX_USART6_UART_Init                      0x080035d5   Thumb Code    48  usart.o(i.MX_USART6_UART_Init)
    MemManage_Handler                        0x0800360d   Thumb Code     2  stm32f4xx_it.o(i.MemManage_Handler)
    NMI_Handler                              0x0800360f   Thumb Code     2  stm32f4xx_it.o(i.NMI_Handler)
    OLED_Clear                               0x08003611   Thumb Code    34  oled.o(i.OLED_Clear)
    OLED_ClearArea                           0x08003639   Thumb Code    94  oled.o(i.OLED_ClearArea)
    OLED_GPIO_Init                           0x0800369d   Thumb Code    18  oled.o(i.OLED_GPIO_Init)
    OLED_I2C_SendByte                        0x080036af   Thumb Code    58  oled.o(i.OLED_I2C_SendByte)
    OLED_I2C_Start                           0x080036e9   Thumb Code    30  oled.o(i.OLED_I2C_Start)
    OLED_I2C_Stop                            0x08003707   Thumb Code    24  oled.o(i.OLED_I2C_Stop)
    OLED_Init                                0x0800371f   Thumb Code   156  oled.o(i.OLED_Init)
    OLED_MyShowChinese                       0x080037bd   Thumb Code    80  oled_patch_byadam.o(i.OLED_MyShowChinese)
    OLED_SetCursor                           0x08003815   Thumb Code    34  oled.o(i.OLED_SetCursor)
    OLED_ShowChar                            0x08003839   Thumb Code    52  oled.o(i.OLED_ShowChar)
    OLED_ShowImage                           0x08003875   Thumb Code   338  oled_patch_byadam.o(i.OLED_ShowImage)
    OLED_ShowString                          0x080039cd   Thumb Code   168  oled_patch_byadam.o(i.OLED_ShowString)
    OLED_Update                              0x08003a75   Thumb Code    34  oled.o(i.OLED_Update)
    OLED_W_SCL                               0x08003a9d   Thumb Code    12  oled.o(i.OLED_W_SCL)
    OLED_W_SDA                               0x08003aad   Thumb Code    12  oled.o(i.OLED_W_SDA)
    OLED_WriteCommand                        0x08003abd   Thumb Code    34  oled.o(i.OLED_WriteCommand)
    OLED_WriteData                           0x08003adf   Thumb Code    48  oled.o(i.OLED_WriteData)
    StartDefaultTask                         0x08003b0f   Thumb Code    18  freertos.o(i.StartDefaultTask)
    SysTick_Handler                          0x08003b21   Thumb Code    26  cmsis_os2.o(i.SysTick_Handler)
    SystemClock_Config                       0x08003b3d   Thumb Code   138  main.o(i.SystemClock_Config)
    SystemInit                               0x08003bd1   Thumb Code    12  system_stm32f4xx.o(i.SystemInit)
    TIM1_BRK_TIM9_IRQHandler                 0x08003be1   Thumb Code     6  stm32f4xx_it.o(i.TIM1_BRK_TIM9_IRQHandler)
    TIM1_TRG_COM_TIM11_IRQHandler            0x08003bed   Thumb Code     6  stm32f4xx_it.o(i.TIM1_TRG_COM_TIM11_IRQHandler)
    TIM_Base_SetConfig                       0x08003bf9   Thumb Code   130  stm32f4xx_hal_tim.o(i.TIM_Base_SetConfig)
    TIM_CCxChannelCmd                        0x08003c99   Thumb Code    26  stm32f4xx_hal_tim.o(i.TIM_CCxChannelCmd)
    TIM_ETR_SetConfig                        0x08003cb3   Thumb Code    20  stm32f4xx_hal_tim.o(i.TIM_ETR_SetConfig)
    TIM_OC2_SetConfig                        0x08003d29   Thumb Code    84  stm32f4xx_hal_tim.o(i.TIM_OC2_SetConfig)
    UART_Start_Receive_DMA                   0x080041e5   Thumb Code   146  stm32f4xx_hal_uart.o(i.UART_Start_Receive_DMA)
    USART1_IRQHandler                        0x080042f9   Thumb Code    16  stm32f4xx_it.o(i.USART1_IRQHandler)
    USART1_receive_IT                        0x0800430d   Thumb Code    70  receive_task.o(i.USART1_receive_IT)
    USART2_IRQHandler                        0x0800435d   Thumb Code    16  stm32f4xx_it.o(i.USART2_IRQHandler)
    USART6_IRQHandler                        0x08004371   Thumb Code    16  stm32f4xx_it.o(i.USART6_IRQHandler)
    USART6_receive_IT                        0x08004385   Thumb Code    90  receive_task.o(i.USART6_receive_IT)
    UsageFault_Handler                       0x080043e9   Thumb Code     2  stm32f4xx_it.o(i.UsageFault_Handler)
    __0printf                                0x080043ed   Thumb Code    22  printfa.o(i.__0printf)
    __1printf                                0x080043ed   Thumb Code     0  printfa.o(i.__0printf)
    __2printf                                0x080043ed   Thumb Code     0  printfa.o(i.__0printf)
    __c89printf                              0x080043ed   Thumb Code     0  printfa.o(i.__0printf)
    printf                                   0x080043ed   Thumb Code     0  printfa.o(i.__0printf)
    __0sprintf                               0x0800440d   Thumb Code    34  printfa.o(i.__0sprintf)
    __1sprintf                               0x0800440d   Thumb Code     0  printfa.o(i.__0sprintf)
    __2sprintf                               0x0800440d   Thumb Code     0  printfa.o(i.__0sprintf)
    __c89sprintf                             0x0800440d   Thumb Code     0  printfa.o(i.__0sprintf)
    sprintf                                  0x0800440d   Thumb Code     0  printfa.o(i.__0sprintf)
    __scatterload_copy                       0x08004455   Thumb Code    14  handlers.o(i.__scatterload_copy)
    __scatterload_null                       0x08004463   Thumb Code     2  handlers.o(i.__scatterload_null)
    __scatterload_zeroinit                   0x08004465   Thumb Code    14  handlers.o(i.__scatterload_zeroinit)
    _is_digit                                0x080045f9   Thumb Code    14  scanf_fp.o(i._is_digit)
    ecoMotor_Task                            0x08004d7d   Thumb Code    56  task.o(i.ecoMotor_Task)
    ecoMotor_init                            0x08004dc5   Thumb Code   234  ecomotor_bsp.o(i.ecoMotor_init)
    ecoMotor_setSpeed                        0x08004eed   Thumb Code    92  ecomotor_bsp.o(i.ecoMotor_setSpeed)
    fputc                                    0x08004f51   Thumb Code    18  stm32f4xx_it.o(i.fputc)
    key_scan                                 0x08004f69   Thumb Code   140  key_bsp.o(i.key_scan)
    main                                     0x08004ff9   Thumb Code    86  main.o(i.main)
    osDelay                                  0x08005061   Thumb Code    26  cmsis_os2.o(i.osDelay)
    osKernelInitialize                       0x0800507d   Thumb Code    32  cmsis_os2.o(i.osKernelInitialize)
    osKernelStart                            0x080050a1   Thumb Code    48  cmsis_os2.o(i.osKernelStart)
    osThreadNew                              0x080050d9   Thumb Code   138  cmsis_os2.o(i.osThreadNew)
    other_receive_TASk                       0x08005165   Thumb Code    50  receive_task.o(i.other_receive_TASk)
    pid_control_motor_angle                  0x080051a1   Thumb Code    78  ecomotor_bsp.o(i.pid_control_motor_angle)
    pid_init                                 0x080051fd   Thumb Code    12  pid_bsp.o(i.pid_init)
    pid_log                                  0x08005209   Thumb Code    64  task.o(i.pid_log)
    pid_update_position                      0x0800525d   Thumb Code    92  pid_bsp.o(i.pid_update_position)
    pvPortMalloc                             0x08005a4d   Thumb Code   216  heap_4.o(i.pvPortMalloc)
    pxPortInitialiseStack                    0x08005b29   Thumb Code    40  port.o(i.pxPortInitialiseStack)
    receive_Task                             0x08005b55   Thumb Code    30  receive_task.o(i.receive_Task)
    receive_init                             0x08005b79   Thumb Code    98  receive_task.o(i.receive_init)
    uLcd_analysis                            0x08005bed   Thumb Code   140  uartlcd_bsp.o(i.uLcd_analysis)
    uLcd_transmit                            0x08005c91   Thumb Code   278  uartlcd_bsp.o(i.uLcd_transmit)
    uxListRemove                             0x08005ebd   Thumb Code    38  list.o(i.uxListRemove)
    vApplicationGetIdleTaskMemory            0x08005ee5   Thumb Code    16  cmsis_os2.o(i.vApplicationGetIdleTaskMemory)
    vApplicationGetTimerTaskMemory           0x08005ef9   Thumb Code    18  cmsis_os2.o(i.vApplicationGetTimerTaskMemory)
    vListInitialise                          0x08005f11   Thumb Code    22  list.o(i.vListInitialise)
    vListInitialiseItem                      0x08005f27   Thumb Code     6  list.o(i.vListInitialiseItem)
    vListInsert                              0x08005f2d   Thumb Code    48  list.o(i.vListInsert)
    vListInsertEnd                           0x08005f5d   Thumb Code    24  list.o(i.vListInsertEnd)
    vPortEnterCritical                       0x08005f75   Thumb Code    54  port.o(i.vPortEnterCritical)
    vPortExitCritical                        0x08005fb5   Thumb Code    34  port.o(i.vPortExitCritical)
    vPortFree                                0x08005fdd   Thumb Code    94  heap_4.o(i.vPortFree)
    vPortSetupTimerInterrupt                 0x08006041   Thumb Code    32  port.o(i.vPortSetupTimerInterrupt)
    vPortValidateInterruptPriority           0x08006065   Thumb Code    74  port.o(i.vPortValidateInterruptPriority)
    vQueueAddToRegistry                      0x080060b9   Thumb Code    34  queue.o(i.vQueueAddToRegistry)
    vQueueWaitForMessageRestricted           0x080060e1   Thumb Code    68  queue.o(i.vQueueWaitForMessageRestricted)
    vTaskDelay                               0x08006125   Thumb Code    66  tasks.o(i.vTaskDelay)
    vTaskInternalSetTimeOutState             0x08006171   Thumb Code    12  tasks.o(i.vTaskInternalSetTimeOutState)
    vTaskMissedYield                         0x08006181   Thumb Code     8  tasks.o(i.vTaskMissedYield)
    vTaskPlaceOnEventList                    0x0800618d   Thumb Code    44  tasks.o(i.vTaskPlaceOnEventList)
    vTaskPlaceOnEventListRestricted          0x080061bd   Thumb Code    52  tasks.o(i.vTaskPlaceOnEventListRestricted)
    vTaskStartScheduler                      0x080061f5   Thumb Code   118  tasks.o(i.vTaskStartScheduler)
    vTaskSuspendAll                          0x0800627d   Thumb Code    10  tasks.o(i.vTaskSuspendAll)
    vTaskSwitchContext                       0x0800628d   Thumb Code    90  tasks.o(i.vTaskSwitchContext)
    vofa_data_analysis                       0x080062f1   Thumb Code   148  vofa_bsp.o(i.vofa_data_analysis)
    xPortStartScheduler                      0x080063c5   Thumb Code   222  port.o(i.xPortStartScheduler)
    xPortSysTickHandler                      0x080064b9   Thumb Code    38  port.o(i.xPortSysTickHandler)
    xQueueGenericCreateStatic                0x080064e5   Thumb Code   102  queue.o(i.xQueueGenericCreateStatic)
    xQueueGenericReset                       0x0800654d   Thumb Code   132  queue.o(i.xQueueGenericReset)
    xQueueGenericSend                        0x080065d5   Thumb Code   346  queue.o(i.xQueueGenericSend)
    xQueueGenericSendFromISR                 0x08006735   Thumb Code   190  queue.o(i.xQueueGenericSendFromISR)
    xQueueReceive                            0x080067f5   Thumb Code   308  queue.o(i.xQueueReceive)
    xTaskCheckForTimeOut                     0x0800692d   Thumb Code   112  tasks.o(i.xTaskCheckForTimeOut)
    xTaskCreate                              0x080069a1   Thumb Code    90  tasks.o(i.xTaskCreate)
    xTaskCreateStatic                        0x080069fb   Thumb Code    86  tasks.o(i.xTaskCreateStatic)
    xTaskGetSchedulerState                   0x08006a51   Thumb Code    22  tasks.o(i.xTaskGetSchedulerState)
    xTaskGetTickCount                        0x08006a6d   Thumb Code     6  tasks.o(i.xTaskGetTickCount)
    xTaskIncrementTick                       0x08006a79   Thumb Code   192  tasks.o(i.xTaskIncrementTick)
    xTaskPriorityDisinherit                  0x08006b41   Thumb Code   118  tasks.o(i.xTaskPriorityDisinherit)
    xTaskRemoveFromEventList                 0x08006bc1   Thumb Code    98  tasks.o(i.xTaskRemoveFromEventList)
    xTaskResumeAll                           0x08006c31   Thumb Code   182  tasks.o(i.xTaskResumeAll)
    xTimerCreateTimerTask                    0x08006cf5   Thumb Code    78  timers.o(i.xTimerCreateTimerTask)
    xTimerGenericCommand                     0x08006d55   Thumb Code    98  timers.o(i.xTimerGenericCommand)
    defaultTask_attributes                   0x08006dbc   Data          36  freertos.o(.constdata)
    AHBPrescTable                            0x08006de8   Data          16  system_stm32f4xx.o(.constdata)
    APBPrescTable                            0x08006df8   Data           8  system_stm32f4xx.o(.constdata)
    OLED_F8x16                               0x08006e00   Data        1520  oled_data_ascii.o(.constdata)
    OLED_F6x8                                0x080073f0   Data         570  oled_data_ascii.o(.constdata)
    OLED_CF16x16                             0x0800762a   Data          36  oled_data_hanzi.o(.constdata)
    __ctype_categories                       0x0800764e   Data          64  ctype_c.o(.constdata)
    Region$$Table$$Base                      0x0800769c   Number         0  anon$$obj.o(Region$$Table)
    Region$$Table$$Limit                     0x080076bc   Number         0  anon$$obj.o(Region$$Table)
    defaultTaskHandle                        0x20000000   Data           4  freertos.o(.data)
    uwTickFreq                               0x20000004   Data           1  stm32f4xx_hal.o(.data)
    uwTickPrio                               0x20000008   Data           4  stm32f4xx_hal.o(.data)
    uwTick                                   0x2000000c   Data           4  stm32f4xx_hal.o(.data)
    SystemCoreClock                          0x20000010   Data           4  system_stm32f4xx.o(.data)
    pxCurrentTCB                             0x20000014   Data           4  tasks.o(.data)
    KEY                                      0x20000094   Data          80  key_bsp.o(.data)
    uLcd_inf                                 0x200000e4   Data          36  uartlcd_bsp.o(.data)
    receive_task_handle                      0x20000108   Data           4  receive_task.o(.data)
    other_receive_TASk_handle                0x2000010c   Data           4  receive_task.o(.data)
    ecoMotor_Task_Handle                     0x20000110   Data           4  task.o(.data)
    __stdout                                 0x20000114   Data           4  stdout.o(.data)
    htim3                                    0x20000118   Data          72  tim.o(.bss)
    htim4                                    0x20000160   Data          72  tim.o(.bss)
    htim5                                    0x200001a8   Data          72  tim.o(.bss)
    htim11                                   0x200001f0   Data          72  tim.o(.bss)
    huart1                                   0x20000238   Data          72  usart.o(.bss)
    huart2                                   0x20000280   Data          72  usart.o(.bss)
    huart6                                   0x200002c8   Data          72  usart.o(.bss)
    hdma_usart1_rx                           0x20000310   Data          96  usart.o(.bss)
    hdma_usart1_tx                           0x20000370   Data          96  usart.o(.bss)
    hdma_usart2_rx                           0x200003d0   Data          96  usart.o(.bss)
    hdma_usart6_rx                           0x20000430   Data          96  usart.o(.bss)
    htim9                                    0x20000490   Data          72  stm32f4xx_hal_timebase_tim.o(.bss)
    xQueueRegistry                           0x200004d8   Data          64  queue.o(.bss)
    OLED_DisplayBuf                          0x20004dac   Data        1024  oled.o(.bss)
    vofa_inf                                 0x200051ac   Data          16  vofa_bsp.o(.bss)
    ecoMotor_inf_A                           0x200051bc   Data          20  ecomotor_bsp.o(.bss)
    ecoMotor_inf_B                           0x200051d0   Data          20  ecomotor_bsp.o(.bss)
    pid_motor_a                              0x200051e4   Data          60  ecomotor_bsp.o(.bss)
    pid_motor_b                              0x20005220   Data          60  ecomotor_bsp.o(.bss)
    pid_car_angle                            0x2000525c   Data          60  ecomotor_bsp.o(.bss)
    uart1_inf                                0x20005298   Data         101  receive_task.o(.bss)
    uart2_inf                                0x200052fd   Data         101  receive_task.o(.bss)
    uart6_inf                                0x20005362   Data         101  receive_task.o(.bss)
    jy901_data                               0x200053c8   Data          52  receive_task.o(.bss)
    angle_inf                                0x200053fc   Data          28  receive_task.o(.bss)
    __initial_sp                             0x20005818   Data           0  startup_stm32f401xc.o(STACK)



==============================================================================

Memory Map of the image

  Image Entry point : 0x08000195

  Load Region LR_IROM1 (Base: 0x08000000, Size: 0x000077d4, Max: 0x00040000, ABSOLUTE)

    Execution Region ER_IROM1 (Exec base: 0x08000000, Load base: 0x08000000, Size: 0x000076bc, Max: 0x00040000, ABSOLUTE)

    Exec Addr    Load Addr    Size         Type   Attr      Idx    E Section Name        Object

    0x08000000   0x08000000   0x00000194   Data   RO            3    RESET               startup_stm32f401xc.o
    0x08000194   0x08000194   0x00000000   Code   RO         5722  * .ARM.Collect$$$$00000000  mc_w.l(entry.o)
    0x08000194   0x08000194   0x00000004   Code   RO         6081    .ARM.Collect$$$$00000001  mc_w.l(entry2.o)
    0x08000198   0x08000198   0x00000004   Code   RO         6084    .ARM.Collect$$$$00000004  mc_w.l(entry5.o)
    0x0800019c   0x0800019c   0x00000000   Code   RO         6086    .ARM.Collect$$$$00000008  mc_w.l(entry7b.o)
    0x0800019c   0x0800019c   0x00000000   Code   RO         6088    .ARM.Collect$$$$0000000A  mc_w.l(entry8b.o)
    0x0800019c   0x0800019c   0x00000008   Code   RO         6089    .ARM.Collect$$$$0000000B  mc_w.l(entry9a.o)
    0x080001a4   0x080001a4   0x00000000   Code   RO         6091    .ARM.Collect$$$$0000000D  mc_w.l(entry10a.o)
    0x080001a4   0x080001a4   0x00000000   Code   RO         6093    .ARM.Collect$$$$0000000F  mc_w.l(entry11a.o)
    0x080001a4   0x080001a4   0x00000004   Code   RO         6082    .ARM.Collect$$$$00002712  mc_w.l(entry2.o)
    0x080001a8   0x080001a8   0x000000be   Code   RO         4913    .emb_text           port.o
    0x08000266   0x08000266   0x00000002   PAD
    0x08000268   0x08000268   0x00000024   Code   RO            4    .text               startup_stm32f401xc.o
    0x0800028c   0x0800028c   0x00000062   Code   RO         5725    .text               mc_w.l(uldiv.o)
    0x080002ee   0x080002ee   0x00000024   Code   RO         5727    .text               mc_w.l(memcpya.o)
    0x08000312   0x08000312   0x00000024   Code   RO         5731    .text               mc_w.l(memseta.o)
    0x08000336   0x08000336   0x0000000e   Code   RO         5733    .text               mc_w.l(strlen.o)
    0x08000344   0x08000344   0x0000001c   Code   RO         5735    .text               mc_w.l(strcmp.o)
    0x08000360   0x08000360   0x00000038   Code   RO         6000    .text               mc_w.l(__0sscanf.o)
    0x08000398   0x08000398   0x0000014c   Code   RO         6002    .text               mc_w.l(_scanf_int.o)
    0x080004e4   0x080004e4   0x00000360   Code   RO         6004    .text               mc_w.l(scanf_fp.o)
    0x08000844   0x08000844   0x0000014e   Code   RO         6008    .text               mf_w.l(dadd.o)
    0x08000992   0x08000992   0x000000e4   Code   RO         6010    .text               mf_w.l(dmul.o)
    0x08000a76   0x08000a76   0x000000de   Code   RO         6012    .text               mf_w.l(ddiv.o)
    0x08000b54   0x08000b54   0x00000022   Code   RO         6016    .text               mf_w.l(dflti.o)
    0x08000b76   0x08000b76   0x0000003e   Code   RO         6020    .text               mf_w.l(dfixi.o)
    0x08000bb4   0x08000bb4   0x00000026   Code   RO         6024    .text               mf_w.l(f2d.o)
    0x08000bda   0x08000bda   0x00000002   PAD
    0x08000bdc   0x08000bdc   0x00000030   Code   RO         6028    .text               mf_w.l(cdrcmple.o)
    0x08000c0c   0x08000c0c   0x00000038   Code   RO         6030    .text               mf_w.l(d2f.o)
    0x08000c44   0x08000c44   0x0000002c   Code   RO         6096    .text               mc_w.l(uidiv.o)
    0x08000c70   0x08000c70   0x0000001e   Code   RO         6098    .text               mc_w.l(llshl.o)
    0x08000c8e   0x08000c8e   0x00000020   Code   RO         6100    .text               mc_w.l(llushr.o)
    0x08000cae   0x08000cae   0x00000024   Code   RO         6102    .text               mc_w.l(llsshr.o)
    0x08000cd2   0x08000cd2   0x0000001c   Code   RO         6111    .text               mc_w.l(_chval.o)
    0x08000cee   0x08000cee   0x00000002   PAD
    0x08000cf0   0x08000cf0   0x00000028   Code   RO         6113    .text               mc_w.l(scanf_char.o)
    0x08000d18   0x08000d18   0x00000040   Code   RO         6115    .text               mc_w.l(_sgetc.o)
    0x08000d58   0x08000d58   0x00000000   Code   RO         6117    .text               mc_w.l(iusefp.o)
    0x08000d58   0x08000d58   0x0000006e   Code   RO         6118    .text               mf_w.l(fepilogue.o)
    0x08000dc6   0x08000dc6   0x000000ba   Code   RO         6120    .text               mf_w.l(depilogue.o)
    0x08000e80   0x08000e80   0x00000018   Code   RO         6124    .text               mf_w.l(dfltul.o)
    0x08000e98   0x08000e98   0x00000030   Code   RO         6126    .text               mf_w.l(dfixul.o)
    0x08000ec8   0x08000ec8   0x00000024   Code   RO         6132    .text               mc_w.l(init.o)
    0x08000eec   0x08000eec   0x0000000a   Code   RO         6134    .text               mc_w.l(isspace_c.o)
    0x08000ef6   0x08000ef6   0x00000002   PAD
    0x08000ef8   0x08000ef8   0x0000032c   Code   RO         6136    .text               mc_w.l(_scanf.o)
    0x08001224   0x08001224   0x00000028   Code   RO         6138    .text               mc_w.l(ctype_c.o)
    0x0800124c   0x0800124c   0x00000068   Code   RO         5555    i.Angle_calculate   receive_task.o
    0x080012b4   0x080012b4   0x00000002   Code   RO          474    i.BusFault_Handler  stm32f4xx_it.o
    0x080012b6   0x080012b6   0x00000002   PAD
    0x080012b8   0x080012b8   0x0000000c   Code   RO          475    i.DMA1_Stream5_IRQHandler  stm32f4xx_it.o
    0x080012c4   0x080012c4   0x0000000c   Code   RO          476    i.DMA2_Stream1_IRQHandler  stm32f4xx_it.o
    0x080012d0   0x080012d0   0x0000000c   Code   RO          477    i.DMA2_Stream2_IRQHandler  stm32f4xx_it.o
    0x080012dc   0x080012dc   0x0000000c   Code   RO          478    i.DMA2_Stream7_IRQHandler  stm32f4xx_it.o
    0x080012e8   0x080012e8   0x00000028   Code   RO         2122    i.DMA_CalcBaseAndBitshift  stm32f4xx_hal_dma.o
    0x08001310   0x08001310   0x00000054   Code   RO         2123    i.DMA_CheckFifoParam  stm32f4xx_hal_dma.o
    0x08001364   0x08001364   0x00000028   Code   RO         2124    i.DMA_SetConfig     stm32f4xx_hal_dma.o
    0x0800138c   0x0800138c   0x00000002   Code   RO          479    i.DebugMon_Handler  stm32f4xx_it.o
    0x0800138e   0x0800138e   0x00000004   Code   RO           13    i.Error_Handler     main.o
    0x08001392   0x08001392   0x00000092   Code   RO         2125    i.HAL_DMA_Abort     stm32f4xx_hal_dma.o
    0x08001424   0x08001424   0x00000024   Code   RO         2126    i.HAL_DMA_Abort_IT  stm32f4xx_hal_dma.o
    0x08001448   0x08001448   0x000001a0   Code   RO         2130    i.HAL_DMA_IRQHandler  stm32f4xx_hal_dma.o
    0x080015e8   0x080015e8   0x000000d4   Code   RO         2131    i.HAL_DMA_Init      stm32f4xx_hal_dma.o
    0x080016bc   0x080016bc   0x0000006e   Code   RO         2135    i.HAL_DMA_Start_IT  stm32f4xx_hal_dma.o
    0x0800172a   0x0800172a   0x00000002   PAD
    0x0800172c   0x0800172c   0x000001e0   Code   RO         2018    i.HAL_GPIO_Init     stm32f4xx_hal_gpio.o
    0x0800190c   0x0800190c   0x0000000a   Code   RO         2020    i.HAL_GPIO_ReadPin  stm32f4xx_hal_gpio.o
    0x08001916   0x08001916   0x0000000a   Code   RO         2022    i.HAL_GPIO_WritePin  stm32f4xx_hal_gpio.o
    0x08001920   0x08001920   0x0000000c   Code   RO         2592    i.HAL_GetTick       stm32f4xx_hal.o
    0x0800192c   0x0800192c   0x00000010   Code   RO         2598    i.HAL_IncTick       stm32f4xx_hal.o
    0x0800193c   0x0800193c   0x00000034   Code   RO         2599    i.HAL_Init          stm32f4xx_hal.o
    0x08001970   0x08001970   0x0000008c   Code   RO          627    i.HAL_InitTick      stm32f4xx_hal_timebase_tim.o
    0x080019fc   0x080019fc   0x00000038   Code   RO          603    i.HAL_MspInit       stm32f4xx_hal_msp.o
    0x08001a34   0x08001a34   0x0000001a   Code   RO         2434    i.HAL_NVIC_EnableIRQ  stm32f4xx_hal_cortex.o
    0x08001a4e   0x08001a4e   0x00000002   PAD
    0x08001a50   0x08001a50   0x00000040   Code   RO         2440    i.HAL_NVIC_SetPriority  stm32f4xx_hal_cortex.o
    0x08001a90   0x08001a90   0x00000024   Code   RO         2441    i.HAL_NVIC_SetPriorityGrouping  stm32f4xx_hal_cortex.o
    0x08001ab4   0x08001ab4   0x00000134   Code   RO         1640    i.HAL_RCC_ClockConfig  stm32f4xx_hal_rcc.o
    0x08001be8   0x08001be8   0x00000040   Code   RO         1644    i.HAL_RCC_GetClockConfig  stm32f4xx_hal_rcc.o
    0x08001c28   0x08001c28   0x00000020   Code   RO         1647    i.HAL_RCC_GetPCLK1Freq  stm32f4xx_hal_rcc.o
    0x08001c48   0x08001c48   0x00000020   Code   RO         1648    i.HAL_RCC_GetPCLK2Freq  stm32f4xx_hal_rcc.o
    0x08001c68   0x08001c68   0x00000060   Code   RO         1649    i.HAL_RCC_GetSysClockFreq  stm32f4xx_hal_rcc.o
    0x08001cc8   0x08001cc8   0x0000036c   Code   RO         1652    i.HAL_RCC_OscConfig  stm32f4xx_hal_rcc.o
    0x08002034   0x08002034   0x00000002   Code   RO         1372    i.HAL_TIMEx_BreakCallback  stm32f4xx_hal_tim_ex.o
    0x08002036   0x08002036   0x00000002   Code   RO         1373    i.HAL_TIMEx_CommutCallback  stm32f4xx_hal_tim_ex.o
    0x08002038   0x08002038   0x0000007c   Code   RO         1391    i.HAL_TIMEx_MasterConfigSynchronization  stm32f4xx_hal_tim_ex.o
    0x080020b4   0x080020b4   0x0000005a   Code   RO          668    i.HAL_TIM_Base_Init  stm32f4xx_hal_tim.o
    0x0800210e   0x0800210e   0x00000002   PAD
    0x08002110   0x08002110   0x00000058   Code   RO          343    i.HAL_TIM_Base_MspInit  tim.o
    0x08002168   0x08002168   0x0000006c   Code   RO          673    i.HAL_TIM_Base_Start_IT  stm32f4xx_hal_tim.o
    0x080021d4   0x080021d4   0x000000dc   Code   RO          677    i.HAL_TIM_ConfigClockSource  stm32f4xx_hal_tim.o
    0x080022b0   0x080022b0   0x000000a4   Code   RO          689    i.HAL_TIM_Encoder_Init  stm32f4xx_hal_tim.o
    0x08002354   0x08002354   0x000000a4   Code   RO          345    i.HAL_TIM_Encoder_MspInit  tim.o
    0x080023f8   0x080023f8   0x0000008e   Code   RO          692    i.HAL_TIM_Encoder_Start  stm32f4xx_hal_tim.o
    0x08002486   0x08002486   0x00000002   Code   RO          702    i.HAL_TIM_IC_CaptureCallback  stm32f4xx_hal_tim.o
    0x08002488   0x08002488   0x00000130   Code   RO          716    i.HAL_TIM_IRQHandler  stm32f4xx_hal_tim.o
    0x080025b8   0x080025b8   0x00000050   Code   RO          346    i.HAL_TIM_MspPostInit  tim.o
    0x08002608   0x08002608   0x00000002   Code   RO          719    i.HAL_TIM_OC_DelayElapsedCallback  stm32f4xx_hal_tim.o
    0x0800260a   0x0800260a   0x000000cc   Code   RO          740    i.HAL_TIM_PWM_ConfigChannel  stm32f4xx_hal_tim.o
    0x080026d6   0x080026d6   0x0000005a   Code   RO          743    i.HAL_TIM_PWM_Init  stm32f4xx_hal_tim.o
    0x08002730   0x08002730   0x00000002   Code   RO          745    i.HAL_TIM_PWM_MspInit  stm32f4xx_hal_tim.o
    0x08002732   0x08002732   0x00000002   Code   RO          746    i.HAL_TIM_PWM_PulseFinishedCallback  stm32f4xx_hal_tim.o
    0x08002734   0x08002734   0x000000b0   Code   RO          748    i.HAL_TIM_PWM_Start  stm32f4xx_hal_tim.o
    0x080027e4   0x080027e4   0x00000044   Code   RO         5497    i.HAL_TIM_PeriodCallback_IT  ecomotor_bsp.o
    0x08002828   0x08002828   0x00000020   Code   RO           14    i.HAL_TIM_PeriodElapsedCallback  main.o
    0x08002848   0x08002848   0x00000002   Code   RO          759    i.HAL_TIM_TriggerCallback  stm32f4xx_hal_tim.o
    0x0800284a   0x0800284a   0x00000002   Code   RO         2849    i.HAL_UARTEx_RxEventCallback  stm32f4xx_hal_uart.o
    0x0800284c   0x0800284c   0x00000070   Code   RO         2861    i.HAL_UART_DMAStop  stm32f4xx_hal_uart.o
    0x080028bc   0x080028bc   0x00000002   Code   RO         2863    i.HAL_UART_ErrorCallback  stm32f4xx_hal_uart.o
    0x080028be   0x080028be   0x00000002   PAD
    0x080028c0   0x080028c0   0x00000280   Code   RO         2866    i.HAL_UART_IRQHandler  stm32f4xx_hal_uart.o
    0x08002b40   0x08002b40   0x00000064   Code   RO         2867    i.HAL_UART_Init     stm32f4xx_hal_uart.o
    0x08002ba4   0x08002ba4   0x000001f0   Code   RO          421    i.HAL_UART_MspInit  usart.o
    0x08002d94   0x08002d94   0x0000001c   Code   RO         2871    i.HAL_UART_Receive_DMA  stm32f4xx_hal_uart.o
    0x08002db0   0x08002db0   0x00000002   Code   RO         2873    i.HAL_UART_RxCpltCallback  stm32f4xx_hal_uart.o
    0x08002db2   0x08002db2   0x00000002   Code   RO         2874    i.HAL_UART_RxHalfCpltCallback  stm32f4xx_hal_uart.o
    0x08002db4   0x08002db4   0x000000a0   Code   RO         2875    i.HAL_UART_Transmit  stm32f4xx_hal_uart.o
    0x08002e54   0x08002e54   0x00000084   Code   RO         2876    i.HAL_UART_Transmit_DMA  stm32f4xx_hal_uart.o
    0x08002ed8   0x08002ed8   0x00000002   Code   RO         2878    i.HAL_UART_TxCpltCallback  stm32f4xx_hal_uart.o
    0x08002eda   0x08002eda   0x00000002   Code   RO         2879    i.HAL_UART_TxHalfCpltCallback  stm32f4xx_hal_uart.o
    0x08002edc   0x08002edc   0x00000002   Code   RO          480    i.HardFault_Handler  stm32f4xx_it.o
    0x08002ede   0x08002ede   0x00000002   PAD
    0x08002ee0   0x08002ee0   0x000001d4   Code   RO         5556    i.JY901S_analysis   receive_task.o
    0x080030b4   0x080030b4   0x00000068   Code   RO         5557    i.JY901S_receive_IT  receive_task.o
    0x0800311c   0x0800311c   0x00000070   Code   RO         5350    i.KEY_LOG           key_bsp.o
    0x0800318c   0x0800318c   0x0000006c   Code   RO          318    i.MX_DMA_Init       dma.o
    0x080031f8   0x080031f8   0x000000a8   Code   RO          275    i.MX_FREERTOS_Init  freertos.o
    0x080032a0   0x080032a0   0x0000010c   Code   RO          251    i.MX_GPIO_Init      gpio.o
    0x080033ac   0x080033ac   0x00000038   Code   RO          347    i.MX_TIM11_Init     tim.o
    0x080033e4   0x080033e4   0x0000006c   Code   RO          348    i.MX_TIM3_Init      tim.o
    0x08003450   0x08003450   0x0000006c   Code   RO          349    i.MX_TIM4_Init      tim.o
    0x080034bc   0x080034bc   0x000000a8   Code   RO          350    i.MX_TIM5_Init      tim.o
    0x08003564   0x08003564   0x00000038   Code   RO          422    i.MX_USART1_UART_Init  usart.o
    0x0800359c   0x0800359c   0x00000038   Code   RO          423    i.MX_USART2_UART_Init  usart.o
    0x080035d4   0x080035d4   0x00000038   Code   RO          424    i.MX_USART6_UART_Init  usart.o
    0x0800360c   0x0800360c   0x00000002   Code   RO          481    i.MemManage_Handler  stm32f4xx_it.o
    0x0800360e   0x0800360e   0x00000002   Code   RO          482    i.NMI_Handler       stm32f4xx_it.o
    0x08003610   0x08003610   0x00000028   Code   RO         4993    i.OLED_Clear        oled.o
    0x08003638   0x08003638   0x00000064   Code   RO         4994    i.OLED_ClearArea    oled.o
    0x0800369c   0x0800369c   0x00000012   Code   RO         5002    i.OLED_GPIO_Init    oled.o
    0x080036ae   0x080036ae   0x0000003a   Code   RO         5004    i.OLED_I2C_SendByte  oled.o
    0x080036e8   0x080036e8   0x0000001e   Code   RO         5005    i.OLED_I2C_Start    oled.o
    0x08003706   0x08003706   0x00000018   Code   RO         5006    i.OLED_I2C_Stop     oled.o
    0x0800371e   0x0800371e   0x0000009c   Code   RO         5007    i.OLED_Init         oled.o
    0x080037ba   0x080037ba   0x00000002   PAD
    0x080037bc   0x080037bc   0x00000058   Code   RO         5286    i.OLED_MyShowChinese  oled_patch_byadam.o
    0x08003814   0x08003814   0x00000022   Code   RO         5013    i.OLED_SetCursor    oled.o
    0x08003836   0x08003836   0x00000002   PAD
    0x08003838   0x08003838   0x0000003c   Code   RO         5015    i.OLED_ShowChar     oled.o
    0x08003874   0x08003874   0x00000158   Code   RO         5289    i.OLED_ShowImage    oled_patch_byadam.o
    0x080039cc   0x080039cc   0x000000a8   Code   RO         5290    i.OLED_ShowString   oled_patch_byadam.o
    0x08003a74   0x08003a74   0x00000028   Code   RO         5021    i.OLED_Update       oled.o
    0x08003a9c   0x08003a9c   0x00000010   Code   RO         5024    i.OLED_W_SCL        oled.o
    0x08003aac   0x08003aac   0x00000010   Code   RO         5025    i.OLED_W_SDA        oled.o
    0x08003abc   0x08003abc   0x00000022   Code   RO         5026    i.OLED_WriteCommand  oled.o
    0x08003ade   0x08003ade   0x00000030   Code   RO         5027    i.OLED_WriteData    oled.o
    0x08003b0e   0x08003b0e   0x00000012   Code   RO          276    i.StartDefaultTask  freertos.o
    0x08003b20   0x08003b20   0x0000001a   Code   RO         4345    i.SysTick_Handler   cmsis_os2.o
    0x08003b3a   0x08003b3a   0x00000002   PAD
    0x08003b3c   0x08003b3c   0x00000094   Code   RO           15    i.SystemClock_Config  main.o
    0x08003bd0   0x08003bd0   0x00000010   Code   RO         3201    i.SystemInit        system_stm32f4xx.o
    0x08003be0   0x08003be0   0x0000000c   Code   RO          483    i.TIM1_BRK_TIM9_IRQHandler  stm32f4xx_it.o
    0x08003bec   0x08003bec   0x0000000c   Code   RO          484    i.TIM1_TRG_COM_TIM11_IRQHandler  stm32f4xx_it.o
    0x08003bf8   0x08003bf8   0x000000a0   Code   RO          761    i.TIM_Base_SetConfig  stm32f4xx_hal_tim.o
    0x08003c98   0x08003c98   0x0000001a   Code   RO          762    i.TIM_CCxChannelCmd  stm32f4xx_hal_tim.o
    0x08003cb2   0x08003cb2   0x00000014   Code   RO          772    i.TIM_ETR_SetConfig  stm32f4xx_hal_tim.o
    0x08003cc6   0x08003cc6   0x00000010   Code   RO          773    i.TIM_ITRx_SetConfig  stm32f4xx_hal_tim.o
    0x08003cd6   0x08003cd6   0x00000002   PAD
    0x08003cd8   0x08003cd8   0x00000050   Code   RO          774    i.TIM_OC1_SetConfig  stm32f4xx_hal_tim.o
    0x08003d28   0x08003d28   0x00000058   Code   RO          775    i.TIM_OC2_SetConfig  stm32f4xx_hal_tim.o
    0x08003d80   0x08003d80   0x00000058   Code   RO          776    i.TIM_OC3_SetConfig  stm32f4xx_hal_tim.o
    0x08003dd8   0x08003dd8   0x00000044   Code   RO          777    i.TIM_OC4_SetConfig  stm32f4xx_hal_tim.o
    0x08003e1c   0x08003e1c   0x00000022   Code   RO          779    i.TIM_TI1_ConfigInputStage  stm32f4xx_hal_tim.o
    0x08003e3e   0x08003e3e   0x00000024   Code   RO          781    i.TIM_TI2_ConfigInputStage  stm32f4xx_hal_tim.o
    0x08003e62   0x08003e62   0x0000000e   Code   RO         2880    i.UART_DMAAbortOnError  stm32f4xx_hal_uart.o
    0x08003e70   0x08003e70   0x0000004a   Code   RO         2881    i.UART_DMAError     stm32f4xx_hal_uart.o
    0x08003eba   0x08003eba   0x00000086   Code   RO         2882    i.UART_DMAReceiveCplt  stm32f4xx_hal_uart.o
    0x08003f40   0x08003f40   0x0000001e   Code   RO         2884    i.UART_DMARxHalfCplt  stm32f4xx_hal_uart.o
    0x08003f5e   0x08003f5e   0x00000042   Code   RO         2886    i.UART_DMATransmitCplt  stm32f4xx_hal_uart.o
    0x08003fa0   0x08003fa0   0x0000000a   Code   RO         2888    i.UART_DMATxHalfCplt  stm32f4xx_hal_uart.o
    0x08003faa   0x08003faa   0x0000004e   Code   RO         2890    i.UART_EndRxTransfer  stm32f4xx_hal_uart.o
    0x08003ff8   0x08003ff8   0x0000001c   Code   RO         2891    i.UART_EndTxTransfer  stm32f4xx_hal_uart.o
    0x08004014   0x08004014   0x000000c2   Code   RO         2892    i.UART_Receive_IT   stm32f4xx_hal_uart.o
    0x080040d6   0x080040d6   0x00000002   PAD
    0x080040d8   0x080040d8   0x0000010c   Code   RO         2893    i.UART_SetConfig    stm32f4xx_hal_uart.o
    0x080041e4   0x080041e4   0x000000a0   Code   RO         2894    i.UART_Start_Receive_DMA  stm32f4xx_hal_uart.o
    0x08004284   0x08004284   0x00000072   Code   RO         2896    i.UART_WaitOnFlagUntilTimeout  stm32f4xx_hal_uart.o
    0x080042f6   0x080042f6   0x00000002   PAD
    0x080042f8   0x080042f8   0x00000014   Code   RO          485    i.USART1_IRQHandler  stm32f4xx_it.o
    0x0800430c   0x0800430c   0x00000050   Code   RO         5559    i.USART1_receive_IT  receive_task.o
    0x0800435c   0x0800435c   0x00000014   Code   RO          486    i.USART2_IRQHandler  stm32f4xx_it.o
    0x08004370   0x08004370   0x00000014   Code   RO          487    i.USART6_IRQHandler  stm32f4xx_it.o
    0x08004384   0x08004384   0x00000064   Code   RO         5560    i.USART6_receive_IT  receive_task.o
    0x080043e8   0x080043e8   0x00000002   Code   RO          488    i.UsageFault_Handler  stm32f4xx_it.o
    0x080043ea   0x080043ea   0x00000002   PAD
    0x080043ec   0x080043ec   0x00000020   Code   RO         5972    i.__0printf         mc_w.l(printfa.o)
    0x0800440c   0x0800440c   0x00000028   Code   RO         5974    i.__0sprintf        mc_w.l(printfa.o)
    0x08004434   0x08004434   0x00000020   Code   RO         2447    i.__NVIC_SetPriority  stm32f4xx_hal_cortex.o
    0x08004454   0x08004454   0x0000000e   Code   RO         6143    i.__scatterload_copy  mc_w.l(handlers.o)
    0x08004462   0x08004462   0x00000002   Code   RO         6144    i.__scatterload_null  mc_w.l(handlers.o)
    0x08004464   0x08004464   0x0000000e   Code   RO         6145    i.__scatterload_zeroinit  mc_w.l(handlers.o)
    0x08004472   0x08004472   0x00000002   PAD
    0x08004474   0x08004474   0x00000184   Code   RO         5979    i._fp_digits        mc_w.l(printfa.o)
    0x080045f8   0x080045f8   0x0000000e   Code   RO         6006    i._is_digit         mc_w.l(scanf_fp.o)
    0x08004606   0x08004606   0x00000002   PAD
    0x08004608   0x08004608   0x000006dc   Code   RO         5980    i._printf_core      mc_w.l(printfa.o)
    0x08004ce4   0x08004ce4   0x00000024   Code   RO         5981    i._printf_post_padding  mc_w.l(printfa.o)
    0x08004d08   0x08004d08   0x0000002e   Code   RO         5982    i._printf_pre_padding  mc_w.l(printfa.o)
    0x08004d36   0x08004d36   0x0000000a   Code   RO         5984    i._sputc            mc_w.l(printfa.o)
    0x08004d40   0x08004d40   0x0000003c   Code   RO         5449    i.basic_transmit    uartlcd_bsp.o
    0x08004d7c   0x08004d7c   0x00000048   Code   RO         5641    i.ecoMotor_Task     task.o
    0x08004dc4   0x08004dc4   0x00000128   Code   RO         5498    i.ecoMotor_init     ecomotor_bsp.o
    0x08004eec   0x08004eec   0x00000064   Code   RO         5499    i.ecoMotor_setSpeed  ecomotor_bsp.o
    0x08004f50   0x08004f50   0x00000018   Code   RO          489    i.fputc             stm32f4xx_it.o
    0x08004f68   0x08004f68   0x00000090   Code   RO         5351    i.key_scan          key_bsp.o
    0x08004ff8   0x08004ff8   0x00000068   Code   RO           16    i.main              main.o
    0x08005060   0x08005060   0x0000001a   Code   RO         4347    i.osDelay           cmsis_os2.o
    0x0800507a   0x0800507a   0x00000002   PAD
    0x0800507c   0x0800507c   0x00000024   Code   RO         4361    i.osKernelInitialize  cmsis_os2.o
    0x080050a0   0x080050a0   0x00000038   Code   RO         4364    i.osKernelStart     cmsis_os2.o
    0x080050d8   0x080050d8   0x0000008a   Code   RO         4406    i.osThreadNew       cmsis_os2.o
    0x08005162   0x08005162   0x00000002   PAD
    0x08005164   0x08005164   0x0000003c   Code   RO         5561    i.other_receive_TASk  receive_task.o
    0x080051a0   0x080051a0   0x0000005c   Code   RO         5500    i.pid_control_motor_angle  ecomotor_bsp.o
    0x080051fc   0x080051fc   0x0000000c   Code   RO         5415    i.pid_init          pid_bsp.o
    0x08005208   0x08005208   0x00000054   Code   RO         5642    i.pid_log           task.o
    0x0800525c   0x0800525c   0x0000005c   Code   RO         5417    i.pid_update_position  pid_bsp.o
    0x080052b8   0x080052b8   0x0000005c   Code   RO         3809    i.prvAddCurrentTaskToDelayedList  tasks.o
    0x08005314   0x08005314   0x000000d0   Code   RO         3810    i.prvAddNewTaskToReadyList  tasks.o
    0x080053e4   0x080053e4   0x00000058   Code   RO         4174    i.prvCheckForValidListAndQueue  timers.o
    0x0800543c   0x0800543c   0x00000026   Code   RO         3406    i.prvCopyDataFromQueue  queue.o
    0x08005462   0x08005462   0x0000006c   Code   RO         3407    i.prvCopyDataToQueue  queue.o
    0x080054ce   0x080054ce   0x00000034   Code   RO         3811    i.prvDeleteTCB      tasks.o
    0x08005502   0x08005502   0x00000002   PAD
    0x08005504   0x08005504   0x0000004c   Code   RO         4858    i.prvHeapInit       heap_4.o
    0x08005550   0x08005550   0x00000060   Code   RO         3812    i.prvIdleTask       tasks.o
    0x080055b0   0x080055b0   0x00000022   Code   RO         3409    i.prvInitialiseNewQueue  queue.o
    0x080055d2   0x080055d2   0x00000002   PAD
    0x080055d4   0x080055d4   0x000000b0   Code   RO         3813    i.prvInitialiseNewTask  tasks.o
    0x08005684   0x08005684   0x0000004c   Code   RO         4859    i.prvInsertBlockIntoFreeList  heap_4.o
    0x080056d0   0x080056d0   0x00000038   Code   RO         4176    i.prvInsertTimerInActiveList  timers.o
    0x08005708   0x08005708   0x0000001c   Code   RO         3410    i.prvIsQueueEmpty   queue.o
    0x08005724   0x08005724   0x000000fc   Code   RO         4177    i.prvProcessReceivedCommands  timers.o
    0x08005820   0x08005820   0x000000c0   Code   RO         4178    i.prvProcessTimerOrBlockTask  timers.o
    0x080058e0   0x080058e0   0x00000020   Code   RO         3815    i.prvResetNextTaskUnblockTime  tasks.o
    0x08005900   0x08005900   0x00000028   Code   RO         4179    i.prvSampleTimeNow  timers.o
    0x08005928   0x08005928   0x0000006c   Code   RO         4180    i.prvSwitchTimerLists  timers.o
    0x08005994   0x08005994   0x00000028   Code   RO         4914    i.prvTaskExitError  port.o
    0x080059bc   0x080059bc   0x00000024   Code   RO         4181    i.prvTimerTask      timers.o
    0x080059e0   0x080059e0   0x0000006a   Code   RO         3411    i.prvUnlockQueue    queue.o
    0x08005a4a   0x08005a4a   0x00000002   PAD
    0x08005a4c   0x08005a4c   0x000000dc   Code   RO         4860    i.pvPortMalloc      heap_4.o
    0x08005b28   0x08005b28   0x0000002c   Code   RO         4915    i.pxPortInitialiseStack  port.o
    0x08005b54   0x08005b54   0x00000024   Code   RO         5562    i.receive_Task      receive_task.o
    0x08005b78   0x08005b78   0x00000074   Code   RO         5563    i.receive_init      receive_task.o
    0x08005bec   0x08005bec   0x000000a4   Code   RO         5450    i.uLcd_analysis     uartlcd_bsp.o
    0x08005c90   0x08005c90   0x0000022c   Code   RO         5451    i.uLcd_transmit     uartlcd_bsp.o
    0x08005ebc   0x08005ebc   0x00000026   Code   RO         3366    i.uxListRemove      list.o
    0x08005ee2   0x08005ee2   0x00000002   PAD
    0x08005ee4   0x08005ee4   0x00000014   Code   RO         4418    i.vApplicationGetIdleTaskMemory  cmsis_os2.o
    0x08005ef8   0x08005ef8   0x00000018   Code   RO         4419    i.vApplicationGetTimerTaskMemory  cmsis_os2.o
    0x08005f10   0x08005f10   0x00000016   Code   RO         3367    i.vListInitialise   list.o
    0x08005f26   0x08005f26   0x00000006   Code   RO         3368    i.vListInitialiseItem  list.o
    0x08005f2c   0x08005f2c   0x00000030   Code   RO         3369    i.vListInsert       list.o
    0x08005f5c   0x08005f5c   0x00000018   Code   RO         3370    i.vListInsertEnd    list.o
    0x08005f74   0x08005f74   0x00000040   Code   RO         4917    i.vPortEnterCritical  port.o
    0x08005fb4   0x08005fb4   0x00000028   Code   RO         4918    i.vPortExitCritical  port.o
    0x08005fdc   0x08005fdc   0x00000064   Code   RO         4861    i.vPortFree         heap_4.o
    0x08006040   0x08006040   0x00000024   Code   RO         4919    i.vPortSetupTimerInterrupt  port.o
    0x08006064   0x08006064   0x00000054   Code   RO         4920    i.vPortValidateInterruptPriority  port.o
    0x080060b8   0x080060b8   0x00000028   Code   RO         3417    i.vQueueAddToRegistry  queue.o
    0x080060e0   0x080060e0   0x00000044   Code   RO         3421    i.vQueueWaitForMessageRestricted  queue.o
    0x08006124   0x08006124   0x0000004c   Code   RO         3828    i.vTaskDelay        tasks.o
    0x08006170   0x08006170   0x00000010   Code   RO         3833    i.vTaskInternalSetTimeOutState  tasks.o
    0x08006180   0x08006180   0x0000000c   Code   RO         3834    i.vTaskMissedYield  tasks.o
    0x0800618c   0x0800618c   0x00000030   Code   RO         3836    i.vTaskPlaceOnEventList  tasks.o
    0x080061bc   0x080061bc   0x00000038   Code   RO         3837    i.vTaskPlaceOnEventListRestricted  tasks.o
    0x080061f4   0x080061f4   0x00000088   Code   RO         3845    i.vTaskStartScheduler  tasks.o
    0x0800627c   0x0800627c   0x00000010   Code   RO         3847    i.vTaskSuspendAll   tasks.o
    0x0800628c   0x0800628c   0x00000064   Code   RO         3848    i.vTaskSwitchContext  tasks.o
    0x080062f0   0x080062f0   0x000000d4   Code   RO         5386    i.vofa_data_analysis  vofa_bsp.o
    0x080063c4   0x080063c4   0x000000f4   Code   RO         4921    i.xPortStartScheduler  port.o
    0x080064b8   0x080064b8   0x0000002c   Code   RO         4922    i.xPortSysTickHandler  port.o
    0x080064e4   0x080064e4   0x00000066   Code   RO         3427    i.xQueueGenericCreateStatic  queue.o
    0x0800654a   0x0800654a   0x00000002   PAD
    0x0800654c   0x0800654c   0x00000088   Code   RO         3428    i.xQueueGenericReset  queue.o
    0x080065d4   0x080065d4   0x00000160   Code   RO         3429    i.xQueueGenericSend  queue.o
    0x08006734   0x08006734   0x000000be   Code   RO         3430    i.xQueueGenericSendFromISR  queue.o
    0x080067f2   0x080067f2   0x00000002   PAD
    0x080067f4   0x080067f4   0x00000138   Code   RO         3439    i.xQueueReceive     queue.o
    0x0800692c   0x0800692c   0x00000074   Code   RO         3850    i.xTaskCheckForTimeOut  tasks.o
    0x080069a0   0x080069a0   0x0000005a   Code   RO         3851    i.xTaskCreate       tasks.o
    0x080069fa   0x080069fa   0x00000056   Code   RO         3852    i.xTaskCreateStatic  tasks.o
    0x08006a50   0x08006a50   0x0000001c   Code   RO         3856    i.xTaskGetSchedulerState  tasks.o
    0x08006a6c   0x08006a6c   0x0000000c   Code   RO         3857    i.xTaskGetTickCount  tasks.o
    0x08006a78   0x08006a78   0x000000c8   Code   RO         3859    i.xTaskIncrementTick  tasks.o
    0x08006b40   0x08006b40   0x00000080   Code   RO         3862    i.xTaskPriorityDisinherit  tasks.o
    0x08006bc0   0x08006bc0   0x00000070   Code   RO         3864    i.xTaskRemoveFromEventList  tasks.o
    0x08006c30   0x08006c30   0x000000c4   Code   RO         3865    i.xTaskResumeAll    tasks.o
    0x08006cf4   0x08006cf4   0x00000060   Code   RO         4190    i.xTimerCreateTimerTask  timers.o
    0x08006d54   0x08006d54   0x00000068   Code   RO         4191    i.xTimerGenericCommand  timers.o
    0x08006dbc   0x08006dbc   0x00000024   Data   RO          277    .constdata          freertos.o
    0x08006de0   0x08006de0   0x00000008   Data   RO         2137    .constdata          stm32f4xx_hal_dma.o
    0x08006de8   0x08006de8   0x00000010   Data   RO         3202    .constdata          system_stm32f4xx.o
    0x08006df8   0x08006df8   0x00000008   Data   RO         3203    .constdata          system_stm32f4xx.o
    0x08006e00   0x08006e00   0x000005f0   Data   RO         5236    .constdata          oled_data_ascii.o
    0x080073f0   0x080073f0   0x0000023a   Data   RO         5237    .constdata          oled_data_ascii.o
    0x0800762a   0x0800762a   0x00000024   Data   RO         5251    .constdata          oled_data_hanzi.o
    0x0800764e   0x0800764e   0x00000040   Data   RO         6139    .constdata          mc_w.l(ctype_c.o)
    0x0800768e   0x0800768e   0x00000002   PAD
    0x08007690   0x08007690   0x0000000c   Data   RO          278    .conststring        freertos.o
    0x0800769c   0x0800769c   0x00000020   Data   RO         6141    Region$$Table       anon$$obj.o


    Execution Region RW_IRAM1 (Exec base: 0x20000000, Load base: 0x080076bc, Size: 0x00005818, Max: 0x00010000, ABSOLUTE)

    Exec Addr    Load Addr    Size         Type   Attr      Idx    E Section Name        Object

    0x20000000   0x080076bc   0x00000004   Data   RW          279    .data               freertos.o
    0x20000004   0x080076c0   0x0000000c   Data   RW         2606    .data               stm32f4xx_hal.o
    0x20000010   0x080076cc   0x00000004   Data   RW         3204    .data               system_stm32f4xx.o
    0x20000014   0x080076d0   0x0000003c   Data   RW         3868    .data               tasks.o
    0x20000050   0x0800770c   0x00000014   Data   RW         4199    .data               timers.o
    0x20000064   0x08007720   0x00000004   Data   RW         4421    .data               cmsis_os2.o
    0x20000068   0x08007724   0x00000020   Data   RW         4867    .data               heap_4.o
    0x20000088   0x08007744   0x0000000c   Data   RW         4923    .data               port.o
    0x20000094   0x08007750   0x00000050   Data   RW         5352    .data               key_bsp.o
    0x200000e4   0x080077a0   0x00000024   Data   RW         5452    .data               uartlcd_bsp.o
    0x20000108   0x080077c4   0x00000004   Data   RW         5565    .data               receive_task.o
    0x2000010c   0x080077c8   0x00000004   Data   RW         5566    .data               receive_task.o
    0x20000110   0x080077cc   0x00000004   Data   RW         5643    .data               task.o
    0x20000114   0x080077d0   0x00000004   Data   RW         6095    .data               mc_w.l(stdout.o)
    0x20000118        -       0x00000120   Zero   RW          351    .bss                tim.o
    0x20000238        -       0x00000258   Zero   RW          425    .bss                usart.o
    0x20000490        -       0x00000048   Zero   RW          630    .bss                stm32f4xx_hal_timebase_tim.o
    0x200004d8        -       0x00000040   Zero   RW         3443    .bss                queue.o
    0x20000518        -       0x000004c4   Zero   RW         3867    .bss                tasks.o
    0x200009dc        -       0x00000118   Zero   RW         4198    .bss                timers.o
    0x20000af4        -       0x000006b8   Zero   RW         4420    .bss                cmsis_os2.o
    0x200011ac        -       0x00003c00   Zero   RW         4866    .bss                heap_4.o
    0x20004dac        -       0x00000400   Zero   RW         5030    .bss                oled.o
    0x200051ac        -       0x00000010   Zero   RW         5389    .bss                vofa_bsp.o
    0x200051bc        -       0x000000dc   Zero   RW         5502    .bss                ecomotor_bsp.o
    0x20005298        -       0x00000180   Zero   RW         5564    .bss                receive_task.o
    0x20005418        -       0x00000400   Zero   RW            1    STACK               startup_stm32f401xc.o


==============================================================================

Image component sizes


      Code (inc. data)   RO Data    RW Data    ZI Data      Debug   Object Name

       326         22          0          4       1720      66719   cmsis_os2.o
       108          4          0          0          0        830   dma.o
       556         92          0          0        220       3796   ecomotor_bsp.o
         0          0          0          0          0      19852   event_groups.o
       186         90         48          4          0       1857   freertos.o
       268         22          0          0          0       1047   gpio.o
       472         24          0         32      15360       5399   heap_4.o
       256         44          0         80          0       2299   key_bsp.o
       138          0          0          0          0       4010   list.o
       288         34          0          0          0     439872   main.o
       674         34          0          0       1024       8830   oled.o
         0          0       2090          0          0        645   oled_data_ascii.o
         0          0         36          0          0       1440   oled_data_hanzi.o
       600         14          0          0          0       3360   oled_patch_byadam.o
       104          0          0          0          0       2329   pid_bsp.o
       786         82          0         12          0      12377   port.o
      1514         20          0          0         64      18716   queue.o
      1068         94          0          8        384      11111   receive_task.o
        36          8        404          0       1024        832   startup_stm32f401xc.o
        80         14          0         12          0       8354   stm32f4xx_hal.o
       158         14          0          0          0      33546   stm32f4xx_hal_cortex.o
      1084         16          8          0          0       8022   stm32f4xx_hal_dma.o
       500         34          0          0          0       3163   stm32f4xx_hal_gpio.o
        56          4          0          0          0        862   stm32f4xx_hal_msp.o
      1408         82          0          0          0       6461   stm32f4xx_hal_rcc.o
      2124         90          0          0          0      20585   stm32f4xx_hal_tim.o
       128         20          0          0          0       2813   stm32f4xx_hal_tim_ex.o
       140         22          0          0         72       1471   stm32f4xx_hal_timebase_tim.o
      2354         40          0          0          0      20607   stm32f4xx_hal_uart.o
       168         54          0          0          0       7688   stm32f4xx_it.o
         0          0          0          0          0        392   stream_buffer.o
        16          4         24          4          0       1171   system_stm32f4xx.o
       156         36          0          4          0       1581   task.o
      2084        168          0         60       1220      29440   tasks.o
       772         82          0          0        288       5103   tim.o
       972         80          0         20        280      31019   timers.o
       780        318          0         36          0       2799   uartlcd_bsp.o
       664         66          0          0        600       3472   usart.o
       212         64          0          0         16       1328   vofa_bsp.o

    ----------------------------------------------------------------------
     21280       1792       2642        276      22272     795198   Object Totals
         0          0         32          0          0          0   (incl. Generated)
        44          0          0          0          0          0   (incl. Padding)

    ----------------------------------------------------------------------

      Code (inc. data)   RO Data    RW Data    ZI Data      Debug   Library Member Name

        56          8          0          0          0         84   __0sscanf.o
        28          0          0          0          0         68   _chval.o
       812          4          0          0          0        112   _scanf.o
       332          0          0          0          0         96   _scanf_int.o
        64          0          0          0          0         84   _sgetc.o
        40          6         64          0          0         68   ctype_c.o
         0          0          0          0          0          0   entry.o
         0          0          0          0          0          0   entry10a.o
         0          0          0          0          0          0   entry11a.o
         8          4          0          0          0          0   entry2.o
         4          0          0          0          0          0   entry5.o
         0          0          0          0          0          0   entry7b.o
         0          0          0          0          0          0   entry8b.o
         8          4          0          0          0          0   entry9a.o
        30          0          0          0          0          0   handlers.o
        36          8          0          0          0         68   init.o
        10          0          0          0          0         68   isspace_c.o
         0          0          0          0          0          0   iusefp.o
        30          0          0          0          0         68   llshl.o
        36          0          0          0          0         68   llsshr.o
        32          0          0          0          0         68   llushr.o
        36          0          0          0          0         68   memcpya.o
        36          0          0          0          0        108   memseta.o
      2308         96          0          0          0        604   printfa.o
        40          8          0          0          0         84   scanf_char.o
       878         12          0          0          0        216   scanf_fp.o
         0          0          0          4          0          0   stdout.o
        28          0          0          0          0         76   strcmp.o
        14          0          0          0          0         68   strlen.o
        44          0          0          0          0         80   uidiv.o
        98          0          0          0          0         92   uldiv.o
        48          0          0          0          0         68   cdrcmple.o
        56          0          0          0          0         88   d2f.o
       334          0          0          0          0        148   dadd.o
       222          0          0          0          0        100   ddiv.o
       186          0          0          0          0        176   depilogue.o
        62          0          0          0          0         80   dfixi.o
        48          0          0          0          0         68   dfixul.o
        34          0          0          0          0         76   dflti.o
        24          0          0          0          0         76   dfltul.o
       228          0          0          0          0         96   dmul.o
        38          0          0          0          0         68   f2d.o
       110          0          0          0          0        168   fepilogue.o

    ----------------------------------------------------------------------
      6408        150         66          4          0       3460   Library Totals
        10          0          2          0          0          0   (incl. Padding)

    ----------------------------------------------------------------------

      Code (inc. data)   RO Data    RW Data    ZI Data      Debug   Library Name

      5008        150         64          4          0       2248   mc_w.l
      1390          0          0          0          0       1212   mf_w.l

    ----------------------------------------------------------------------
      6408        150         66          4          0       3460   Library Totals

    ----------------------------------------------------------------------

==============================================================================


      Code (inc. data)   RO Data    RW Data    ZI Data      Debug   

     27688       1942       2708        280      22272     775890   Grand Totals
     27688       1942       2708        280      22272     775890   ELF Image Totals
     27688       1942       2708        280          0          0   ROM Totals

==============================================================================

    Total RO  Size (Code + RO Data)                30396 (  29.68kB)
    Total RW  Size (RW Data + ZI Data)             22552 (  22.02kB)
    Total ROM Size (Code + RO Data + RW Data)      30676 (  29.96kB)

==============================================================================

